 tree_sitter_freemarker_binding

 Timestamp is 5ba259fc (Thu Sep 20 00:15:24 2018)

 Preferred load address is 0000000180000000

 Start         Length     Name                   Class
 0001:00000000 0000ca50H .text$mn                CODE
 0001:0000ca50 00000020H .text$mn$00             CODE
 0001:0000ca70 00000260H .text$x                 CODE
 0002:00000000 00000240H .idata$5                DATA
 0002:00000240 00000010H .00cfg                  DATA
 0002:00000250 00000008H .CRT$XCA                DATA
 0002:00000258 00000008H .CRT$XCU                DATA
 0002:00000260 00000008H .CRT$XCZ                DATA
 0002:00000268 00000008H .CRT$XIA                DATA
 0002:00000270 00000018H .CRT$XIC                DATA
 0002:00000288 00000008H .CRT$XIZ                DATA
 0002:00000290 00000008H .CRT$XPA                DATA
 0002:00000298 00000010H .CRT$XPX                DATA
 0002:000002a8 00000008H .CRT$XPXA               DATA
 0002:000002b0 00000008H .CRT$XPZ                DATA
 0002:000002b8 00000008H .CRT$XTA                DATA
 0002:000002c0 00000010H .CRT$XTZ                DATA
 0002:000002d0 000072f8H .rdata                  DATA
 0002:000075c8 00000000H .rdata$r                DATA
 0002:000075c8 000003d0H .rdata$zzzdbg           DATA
 0002:00007998 00000008H .rtc$IAA                DATA
 0002:000079a0 00000008H .rtc$IZZ                DATA
 0002:000079a8 00000008H .rtc$TAA                DATA
 0002:000079b0 00000008H .rtc$TZZ                DATA
 0002:000079b8 00000a9cH .xdata                  DATA
 0002:00008454 00000020H .didat$2                DATA
 0002:00008474 00000024H .didat$3                DATA
 0002:00008498 000000c8H .didat$4                DATA
 0002:00008560 000006c8H .didat$6                DATA
 0002:00008c28 000000c8H .didat$7                DATA
 0002:00008cf0 000000a4H .edata                  DATA
 0002:00008d94 00000014H .idata$2                DATA
 0002:00008da8 00000018H .idata$3                DATA
 0002:00008dc0 00000240H .idata$4                DATA
 0002:00009000 0000053aH .idata$6                DATA
 0003:00000000 00001430H .data                   DATA
 0003:00001430 00000000H .data$r                 DATA
 0003:00001430 000000d0H .didat$5                DATA
 0003:00001500 000011e8H .bss                    DATA
 0004:00000000 00000d2cH .pdata                  DATA
 0005:00000000 00000080H .gfids$x                DATA
 0005:00000080 00000014H .gfids$y                DATA
 0006:00000000 00000060H .rsrc$01                DATA
 0006:00000060 00000180H .rsrc$02                DATA

  Address         Publics by Value              Rva+Base               Lib:Object

 0000:00000000       __guard_iat_count          0000000000000000     <absolute>
 0000:00000000       __dynamic_value_reloc_table 0000000000000000     <absolute>
 0000:00000000       __guard_iat_table          0000000000000000     <absolute>
 0000:00000000       __guard_longjmp_table      0000000000000000     <absolute>
 0000:00000000       __guard_longjmp_count      0000000000000000     <absolute>
 0000:00000000       __guard_fids_count         0000000000000000     <absolute>
 0000:00000000       ___safe_se_handler_table   0000000000000000     <absolute>
 0000:00000000       ___safe_se_handler_count   0000000000000000     <absolute>
 0000:00000000       __guard_fids_table         0000000000000000     <absolute>
 0000:00000100       __guard_flags              0000000000000100     <absolute>
 0000:00000000       __ImageBase                0000000180000000     <linker-defined>
 0001:00002020       tree_sitter_freemarker     0000000180003020 f   parser.obj
 0001:00002100       ?New@?$Factory@VFunctionTemplate@v8@@@imp@Nan@@SA?AV?$Local@VFunctionTemplate@v8@@@v8@@P6AXAEBV?$FunctionCallbackInfo@VValue@v8@@@3@@ZV?$Local@VValue@v8@@@5@V?$Local@VSignature@v8@@@5@@Z 0000000180003100 f i binding.obj
 0001:00002280       __except_validate_context_record 0000000180003280 f   libvcruntime:jbcxrval.obj
 0001:00002280       _guard_check_icall_nop     0000000180003280 f   LIBCMT:guard_support.obj
 0001:0000248c       __imp_load_?Value@External@v8@@QEBAPEAXXZ 000000018000348c f   node:node.exe
 0001:00002498       __tailMerge_node_exe       0000000180003498 f i node:node.exe
 0001:00002511       __imp_load_?New@External@v8@@SA?AV?$Local@VExternal@v8@@@2@PEAVIsolate@2@PEAX@Z 0000000180003511 f   node:node.exe
 0001:0000251d       __imp_load_?GetCurrentContext@Isolate@v8@@QEAA?AV?$Local@VContext@v8@@@2@XZ 000000018000351d f   node:node.exe
 0001:00002529       __imp_load_?GetCurrent@Isolate@v8@@SAPEAV12@XZ 0000000180003529 f   node:node.exe
 0001:00002535       __imp_load_?CreateHandle@HandleScope@v8@@KAPEAPEAVObject@internal@2@PEAVIsolate@42@PEAV342@@Z 0000000180003535 f   node:node.exe
 0001:00002541       __imp_load_?CreateHandle@HandleScope@v8@@CAPEAPEAVObject@internal@2@PEAVHeapObject@42@PEAV342@@Z 0000000180003541 f   node:node.exe
 0001:0000254d       __imp_load_??1HandleScope@v8@@QEAA@XZ 000000018000354d f   node:node.exe
 0001:00002559       __imp_load_?SetClassName@FunctionTemplate@v8@@QEAAXV?$Local@VString@v8@@@2@@Z 0000000180003559 f   node:node.exe
 0001:00002565       __imp_load_?InstanceTemplate@FunctionTemplate@v8@@QEAA?AV?$Local@VObjectTemplate@v8@@@2@XZ 0000000180003565 f   node:node.exe
 0001:00002571       __imp_load_?GetFunction@FunctionTemplate@v8@@QEAA?AV?$Local@VFunction@v8@@@2@XZ 0000000180003571 f   node:node.exe
 0001:0000257d       __imp_load_?New@FunctionTemplate@v8@@SA?AV?$Local@VFunctionTemplate@v8@@@2@PEAVIsolate@2@P6AXAEBV?$FunctionCallbackInfo@VValue@v8@@@2@@ZV?$Local@VValue@v8@@@2@V?$Local@VSignature@v8@@@2@HW4ConstructorBehavior@2@@Z 000000018000357d f   node:node.exe
 0001:00002589       __imp_load_?ToLocalEmpty@V8@v8@@CAXXZ 0000000180003589 f   node:node.exe
 0001:00002595       __imp_load_?Escape@EscapableHandleScope@v8@@AEAAPEAPEAVObject@internal@2@PEAPEAV342@@Z 0000000180003595 f   node:node.exe
 0001:000025a1       __imp_load_??0EscapableHandleScope@v8@@QEAA@PEAVIsolate@1@@Z 00000001800035a1 f   node:node.exe
 0001:000025ad       __imp_load_?NewFromUtf8@String@v8@@SA?AV?$MaybeLocal@VString@v8@@@2@PEAVIsolate@2@PEBDW4NewStringType@2@H@Z 00000001800035ad f   node:node.exe
 0001:000025b9       __imp_load_?SlowGetInternalField@Object@v8@@AEAA?AV?$Local@VValue@v8@@@2@H@Z 00000001800035b9 f   node:node.exe
 0001:000025c5       __imp_load_?SetAlignedPointerInInternalField@Object@v8@@QEAAXHPEAX@Z 00000001800035c5 f   node:node.exe
 0001:000025d1       __imp_load_?SetInternalField@Object@v8@@QEAAXHV?$Local@VValue@v8@@@2@@Z 00000001800035d1 f   node:node.exe
 0001:000025dd       __imp_load_?Set@Object@v8@@QEAA_NV?$Local@VValue@v8@@@2@0@Z 00000001800035dd f   node:node.exe
 0001:000025e9       __imp_load_?SetInternalFieldCount@ObjectTemplate@v8@@QEAAXH@Z 00000001800035e9 f   node:node.exe
 0001:000025f5       __imp_load_?NewInstance@ObjectTemplate@v8@@QEAA?AV?$MaybeLocal@VObject@v8@@@2@V?$Local@VContext@v8@@@2@@Z 00000001800035f5 f   node:node.exe
 0001:00002601       __imp_load_?New@ObjectTemplate@v8@@SA?AV?$Local@VObjectTemplate@v8@@@2@PEAVIsolate@2@V?$Local@VFunctionTemplate@v8@@@2@@Z 0000000180003601 f   node:node.exe
 0001:0000260d       __imp_load_node_module_register 000000018000360d f   node:node.exe
 0001:00002619       __imp_load_?NewInstance@Function@v8@@QEBA?AV?$MaybeLocal@VObject@v8@@@2@V?$Local@VContext@v8@@@2@@Z 0000000180003619 f   node:node.exe
 0001:00002640       __security_check_cookie    0000000180003640 f   LIBCMT:_amdsecgs_.obj
 0001:000029b0       _DllMainCRTStartup         00000001800039b0 f   LIBCMT:dll_dllmain.obj
 0001:000029f0       __raise_securityfailure    00000001800039f0 f   LIBCMT:gs_report.obj
 0001:00002a24       __report_gsfailure         0000000180003a24 f   LIBCMT:gs_report.obj
 0001:00002af8       __report_rangecheckfailure 0000000180003af8 f   LIBCMT:gs_report.obj
 0001:00002b0c       __report_securityfailure   0000000180003b0c f   LIBCMT:gs_report.obj
 0001:00002c8c       __scrt_acquire_startup_lock 0000000180003c8c f   LIBCMT:utility.obj
 0001:00002cc8       __scrt_dllmain_after_initialize_c 0000000180003cc8 f   LIBCMT:utility.obj
 0001:00002cfc       __scrt_dllmain_before_initialize_c 0000000180003cfc f   LIBCMT:utility.obj
 0001:00002d14       __scrt_dllmain_crt_thread_attach 0000000180003d14 f   LIBCMT:utility.obj
 0001:00002d3c       __scrt_dllmain_crt_thread_detach 0000000180003d3c f   LIBCMT:utility.obj
 0001:00002d54       __scrt_dllmain_exception_filter 0000000180003d54 f   LIBCMT:utility.obj
 0001:00002db8       __scrt_dllmain_uninitialize_c 0000000180003db8 f   LIBCMT:utility.obj
 0001:00002de8       __scrt_dllmain_uninitialize_critical 0000000180003de8 f   LIBCMT:utility.obj
 0001:00002dfc       __scrt_initialize_crt      0000000180003dfc f   LIBCMT:utility.obj
 0001:00002e48       __scrt_initialize_onexit_tables 0000000180003e48 f   LIBCMT:utility.obj
 0001:00002f14       __scrt_is_nonwritable_in_current_image 0000000180003f14 f   LIBCMT:utility.obj
 0001:00002fb0       __scrt_release_startup_lock 0000000180003fb0 f   LIBCMT:utility.obj
 0001:00002fd4       __scrt_uninitialize_crt    0000000180003fd4 f   LIBCMT:utility.obj
 0001:00003000       _onexit                    0000000180004000 f   LIBCMT:utility.obj
 0001:00003050       atexit                     0000000180004050 f   LIBCMT:utility.obj
 0001:00003068       __security_init_cookie     0000000180004068 f   LIBCMT:gs_support.obj
 0001:00003114       DllMain                    0000000180004114 f   LIBCMT:dll_dllmain_stub.obj
 0001:00003114       _get_startup_argv_mode     0000000180004114 f   LIBCMT:argv_mode.obj
 0001:0000311c       ?__scrt_initialize_type_info@@YAXXZ 000000018000411c f   LIBCMT:tncleanup.obj
 0001:0000312c       ?__scrt_uninitialize_type_info@@YAXXZ 000000018000412c f   LIBCMT:tncleanup.obj
 0001:00003138       __local_stdio_printf_options 0000000180004138 f i LIBCMT:default_local_stdio_options.obj
 0001:00003140       __local_stdio_scanf_options 0000000180004140 f i LIBCMT:default_local_stdio_options.obj
 0001:00003148       __scrt_initialize_default_local_stdio_options 0000000180004148 f   LIBCMT:default_local_stdio_options.obj
 0001:00003164       __scrt_get_dyn_tls_init_callback 0000000180004164 f   LIBCMT:dyn_tls_init.obj
 0001:0000316c       __crt_debugger_hook        000000018000416c f   LIBCMT:utility_desktop.obj
 0001:00003174       __scrt_fastfail            0000000180004174 f   LIBCMT:utility_desktop.obj
 0001:000032bc       _RTC_Initialize            00000001800042bc f   LIBCMT:_initsect_.obj
 0001:00003308       _RTC_Terminate             0000000180004308 f   LIBCMT:_initsect_.obj
 0001:00003354       _guard_check_icall         0000000180004354 f i LIBCMT:checkcfg.obj
 0001:0000335c       __isa_available_init       000000018000435c f   LIBCMT:_cpu_disp_.obj
 0001:00003524       __scrt_is_ucrt_dll_in_use  0000000180004524 f   LIBCMT:ucrt_detection.obj
 0001:00003530       __C_specific_handler       0000000180004530 f   libvcruntime:_chandler_.obj
 0001:0000372c       __vcrt_initialize          000000018000472c f   libvcruntime:initialization.obj
 0001:00003760       __vcrt_thread_attach       0000000180004760 f   libvcruntime:initialization.obj
 0001:00003774       __vcrt_thread_detach       0000000180004774 f   libvcruntime:initialization.obj
 0001:00003788       __vcrt_uninitialize        0000000180004788 f   libvcruntime:initialization.obj
 0001:000037a8       __vcrt_uninitialize_critical 00000001800047a8 f   libvcruntime:initialization.obj
 0001:000037b8       __std_type_info_destroy_list 00000001800047b8 f   libvcruntime:std_type_info.obj
 0001:00003800       memset                     0000000180004800 f   libvcruntime:memset.obj
 0001:000039b0       _local_unwind              00000001800049b0 f   libvcruntime:_jmpuwind_.obj
 0001:000039e0       _NLG_Notify                00000001800049e0 f   libvcruntime:_jmpuwind_.obj
 0001:00003a00       __NLG_Dispatch2            0000000180004a00 f   libvcruntime:_jmpuwind_.obj
 0001:00003a10       __NLG_Return2              0000000180004a10 f   libvcruntime:_jmpuwind_.obj
 0001:00003a14       __vcrt_freefls             0000000180004a14 f   libvcruntime:per_thread_data.obj
 0001:00003a34       __vcrt_freeptd             0000000180004a34 f   libvcruntime:per_thread_data.obj
 0001:00003a84       __vcrt_getptd_noexit       0000000180004a84 f   libvcruntime:per_thread_data.obj
 0001:00003b3c       __vcrt_initialize_ptd      0000000180004b3c f   libvcruntime:per_thread_data.obj
 0001:00003b7c       __vcrt_uninitialize_ptd    0000000180004b7c f   libvcruntime:per_thread_data.obj
 0001:00003ba0       __vcrt_initialize_locks    0000000180004ba0 f   libvcruntime:locks.obj
 0001:00003be8       __vcrt_uninitialize_locks  0000000180004be8 f   libvcruntime:locks.obj
 0001:00003de8       __vcrt_FlsAlloc            0000000180004de8 f   libvcruntime:winapi_downlevel.obj
 0001:00003e3c       __vcrt_FlsFree             0000000180004e3c f   libvcruntime:winapi_downlevel.obj
 0001:00003e90       __vcrt_FlsGetValue         0000000180004e90 f   libvcruntime:winapi_downlevel.obj
 0001:00003ee4       __vcrt_FlsSetValue         0000000180004ee4 f   libvcruntime:winapi_downlevel.obj
 0001:00003f4c       __vcrt_InitializeCriticalSectionEx 0000000180004f4c f   libvcruntime:winapi_downlevel.obj
 0001:00003fc4       __vcrt_initialize_winapi_thunks 0000000180004fc4 f   libvcruntime:winapi_downlevel.obj
 0001:00004010       __vcrt_uninitialize_winapi_thunks 0000000180005010 f   libvcruntime:winapi_downlevel.obj
 0001:00004050       __vcrt_initialize_pure_virtual_call_handler 0000000180005050 f   libvcruntime:purevirt_data.obj
 0001:00004074       ??0_LocaleUpdate@@QEAA@QEAU__crt_locale_pointers@@@Z 0000000180005074 f i libucrt:stricmp.obj
 0001:00004104       __ascii_stricmp            0000000180005104 f   libucrt:stricmp.obj
 0001:00004140       _stricmp                   0000000180005140 f   libucrt:stricmp.obj
 0001:00004188       _stricmp_l                 0000000180005188 f   libucrt:stricmp.obj
 0001:0000423c       _initterm                  000000018000523c f   libucrt:initterm.obj
 0001:000042b4       _initterm_e                00000001800052b4 f   libucrt:initterm.obj
 0001:00004300       _seh_filter_dll            0000000180005300 f   libucrt:exception_filter.obj
 0001:00004314       _seh_filter_exe            0000000180005314 f   libucrt:exception_filter.obj
 0001:000046d4       __acrt_initialize_thread_local_exit_callback 00000001800056d4 f   libucrt:exit.obj
 0001:000046dc       _cexit                     00000001800056dc f   libucrt:exit.obj
 0001:000046ec       _exit                      00000001800056ec f   libucrt:exit.obj
 0001:000046f8       _is_c_termination_complete 00000001800056f8 f   libucrt:exit.obj
 0001:000048bc       __acrt_allocate_buffer_for_argv 00000001800058bc f   libucrt:argv_parsing.obj
 0001:00004920       _configure_narrow_argv     0000000180005920 f   libucrt:argv_parsing.obj
 0001:00004c7c       __dcrt_uninitialize_environments_nolock 0000000180005c7c f   libucrt:environment_initialization.obj
 0001:00004cb4       _initialize_narrow_environment 0000000180005cb4 f   libucrt:environment_initialization.obj
 0001:00004cbc       ??$?RV<lambda_b8c45f8f788dd370798f47cfe8ac3a86>@@AEAV<lambda_4e60a939b0d047cfe11ddc22648dfba9>@@V<lambda_332c3edc96d0294ec56c57d38c1cdfd5>@@@?$__crt_seh_guarded_call@H@@QEAAH$$QEAV<lambda_b8c45f8f788dd370798f47cfe8ac3a86>@@AEAV<lambda_4e60a939b0d047cfe11ddc22648dfba9>@@$$QEAV<lambda_332c3edc96d0294ec56c57d38c1cdfd5>@@@Z 0000000180005cbc f i libucrt:onexit.obj
 0001:00004cf8       ??$?RV<lambda_e24bbb7b643b32fcea6fa61b31d4c984>@@AEAV<lambda_275893d493268fdec8709772e3fcec0e>@@V<lambda_9d71df4d7cf3f480f8d633942495c3b0>@@@?$__crt_seh_guarded_call@H@@QEAAH$$QEAV<lambda_e24bbb7b643b32fcea6fa61b31d4c984>@@AEAV<lambda_275893d493268fdec8709772e3fcec0e>@@$$QEAV<lambda_9d71df4d7cf3f480f8d633942495c3b0>@@@Z 0000000180005cf8 f i libucrt:onexit.obj
 0001:00005074       _crt_atexit                0000000180006074 f   libucrt:onexit.obj
 0001:00005084       _execute_onexit_table      0000000180006084 f   libucrt:onexit.obj
 0001:000050c0       _initialize_onexit_table   00000001800060c0 f   libucrt:onexit.obj
 0001:00005100       _register_onexit_function  0000000180006100 f   libucrt:onexit.obj
 0001:0000527c       __acrt_initialize          000000018000627c f   libucrt:initialization.obj
 0001:00005290       __acrt_thread_attach       0000000180006290 f   libucrt:initialization.obj
 0001:000052a4       __acrt_thread_detach       00000001800062a4 f   libucrt:initialization.obj
 0001:000052b4       __acrt_uninitialize        00000001800062b4 f   libucrt:initialization.obj
 0001:000052c8       __acrt_uninitialize_critical 00000001800062c8 f   libucrt:initialization.obj
 0001:000052d8       terminate                  00000001800062d8 f   libucrt:terminate.obj
 0001:00005300       _free_base                 0000000180006300 f   libucrt:free_base.obj
 0001:00005340       _malloc_base               0000000180006340 f   libucrt:malloc_base.obj
 0001:000053a0       strcpy_s                   00000001800063a0 f   libucrt:strcpy_s.obj
 0001:00005400       abort                      0000000180006400 f   libucrt:abort.obj
 0001:00005458       _calloc_base               0000000180006458 f   libucrt:calloc_base.obj
 0001:000054d0       __acrt_call_reportfault    00000001800064d0 f   libucrt:invalid_parameter.obj
 0001:0000562c       __acrt_initialize_invalid_parameter_handler 000000018000662c f   libucrt:invalid_parameter.obj
 0001:00005634       _invalid_parameter         0000000180006634 f   libucrt:invalid_parameter.obj
 0001:000056dc       _invalid_parameter_noinfo  00000001800066dc f   libucrt:invalid_parameter.obj
 0001:000056fc       _invoke_watson             00000001800066fc f   libucrt:invalid_parameter.obj
 0001:00005744       __acrt_errno_from_os_error 0000000180006744 f   libucrt:errno.obj
 0001:0000578c       __acrt_errno_map_os_error  000000018000678c f   libucrt:errno.obj
 0001:000057dc       __doserrno                 00000001800067dc f   libucrt:errno.obj
 0001:000057fc       _errno                     00000001800067fc f   libucrt:errno.obj
 0001:0000586c       _tolower_l                 000000018000686c f   libucrt:tolower_toupper.obj
 0001:000059ac       ??$?RV<lambda_46352004c1216016012b18bd6f87e700>@@AEAV<lambda_3bd07e1a1191394380780325891bf33f>@@V<lambda_334532d3f185bcaa59b5be82d7d22bff>@@@?$__crt_seh_guarded_call@X@@QEAAX$$QEAV<lambda_46352004c1216016012b18bd6f87e700>@@AEAV<lambda_3bd07e1a1191394380780325891bf33f>@@$$QEAV<lambda_334532d3f185bcaa59b5be82d7d22bff>@@@Z 00000001800069ac f i libucrt:per_thread_data.obj
 0001:00005a0c       ??$?RV<lambda_5e887d1dcbef67a5eb4283622ba103bf>@@AEAV<lambda_4466841279450cc726390878d4a41900>@@V<lambda_341c25c0346d94847f1f3c463c57e077>@@@?$__crt_seh_guarded_call@X@@QEAAX$$QEAV<lambda_5e887d1dcbef67a5eb4283622ba103bf>@@AEAV<lambda_4466841279450cc726390878d4a41900>@@$$QEAV<lambda_341c25c0346d94847f1f3c463c57e077>@@@Z 0000000180006a0c f i libucrt:per_thread_data.obj
 0001:00005a54       ??$?RV<lambda_72d1df2b273a38828b1ce30cbf4cdab5>@@AEAV<lambda_876a65b173b8412d3a47c70a915b0cf4>@@V<lambda_41932305e351933ebe8f8be3ed8bb5dc>@@@?$__crt_seh_guarded_call@X@@QEAAX$$QEAV<lambda_72d1df2b273a38828b1ce30cbf4cdab5>@@AEAV<lambda_876a65b173b8412d3a47c70a915b0cf4>@@$$QEAV<lambda_41932305e351933ebe8f8be3ed8bb5dc>@@@Z 0000000180006a54 f i libucrt:per_thread_data.obj
 0001:00005a94       ??$?RV<lambda_fb3a7dec4e47f37f22dae91bb15c9095>@@AEAV<lambda_698284760c8add0bfb0756c19673e34b>@@V<lambda_dfb8eca1e75fef3034a8fb18dd509707>@@@?$__crt_seh_guarded_call@X@@QEAAX$$QEAV<lambda_fb3a7dec4e47f37f22dae91bb15c9095>@@AEAV<lambda_698284760c8add0bfb0756c19673e34b>@@$$QEAV<lambda_dfb8eca1e75fef3034a8fb18dd509707>@@@Z 0000000180006a94 f i libucrt:per_thread_data.obj
 0001:00005d24       __acrt_freeptd             0000000180006d24 f   libucrt:per_thread_data.obj
 0001:00005d68       __acrt_getptd              0000000180006d68 f   libucrt:per_thread_data.obj
 0001:00005dfc       __acrt_getptd_noexit       0000000180006dfc f   libucrt:per_thread_data.obj
 0001:00005e9c       __acrt_initialize_ptd      0000000180006e9c f   libucrt:per_thread_data.obj
 0001:00005ed8       __acrt_uninitialize_ptd    0000000180006ed8 f   libucrt:per_thread_data.obj
 0001:00005efc       __acrt_update_locale_info  0000000180006efc f   libucrt:locale_update.obj
 0001:00005f30       __acrt_update_multibyte_info 0000000180006f30 f   libucrt:locale_update.obj
 0001:00005f64       __acrt_set_locale_changed  0000000180006f64 f   libucrt:wsetlocale.obj
 0001:00005f70       __acrt_uninitialize_locale 0000000180006f70 f   libucrt:wsetlocale.obj
 0001:00005fb8       __acrt_initialize_locks    0000000180006fb8 f   libucrt:locks.obj
 0001:00006000       __acrt_lock                0000000180007000 f   libucrt:locks.obj
 0001:0000601c       __acrt_uninitialize_locks  000000018000701c f   libucrt:locks.obj
 0001:00006054       __acrt_unlock              0000000180007054 f   libucrt:locks.obj
 0001:00006210       __acrt_FlsAlloc            0000000180007210 f   libucrt:winapi_thunks.obj
 0001:00006268       __acrt_FlsFree             0000000180007268 f   libucrt:winapi_thunks.obj
 0001:000062c0       __acrt_FlsGetValue         00000001800072c0 f   libucrt:winapi_thunks.obj
 0001:00006318       __acrt_FlsSetValue         0000000180007318 f   libucrt:winapi_thunks.obj
 0001:00006380       __acrt_InitializeCriticalSectionEx 0000000180007380 f   libucrt:winapi_thunks.obj
 0001:000063f8       __acrt_LCMapStringEx       00000001800073f8 f   libucrt:winapi_thunks.obj
 0001:000064e8       __acrt_LocaleNameToLCID    00000001800074e8 f   libucrt:winapi_thunks.obj
 0001:00006550       __acrt_initialize_winapi_thunks 0000000180007550 f   libucrt:winapi_thunks.obj
 0001:00006588       __acrt_is_packaged_app     0000000180007588 f   libucrt:winapi_thunks.obj
 0001:00006610       __acrt_uninitialize_winapi_thunks 0000000180007610 f   libucrt:winapi_thunks.obj
 0001:00006b30       ?expand_if_necessary@?$argument_list@D@?A0xca0879c4@@AEAAHXZ 0000000180007b30 f i libucrt:argv_wildcards.obj
 0001:00006bf8       __acrt_expand_narrow_argv_wildcards 0000000180007bf8 f   libucrt:argv_wildcards.obj
 0001:00006c00       ??$?RV<lambda_99476a1ad63dd22509b5d3e65b0ffc95>@@AEAV<lambda_ad1ced32f4ac17aa236e5ef05d6b3b7c>@@V<lambda_f7424dd8d45958661754dc4f2697e9c3>@@@?$__crt_seh_guarded_call@X@@QEAAX$$QEAV<lambda_99476a1ad63dd22509b5d3e65b0ffc95>@@AEAV<lambda_ad1ced32f4ac17aa236e5ef05d6b3b7c>@@$$QEAV<lambda_f7424dd8d45958661754dc4f2697e9c3>@@@Z 0000000180007c00 f i libucrt:mbctype.obj
 0001:000072fc       __acrt_initialize_multibyte 00000001800082fc f   libucrt:mbctype.obj
 0001:00007324       __acrt_update_thread_multibyte_data 0000000180008324 f   libucrt:mbctype.obj
 0001:000073e4       _setmbcp_nolock            00000001800083e4 f   libucrt:mbctype.obj
 0001:00007704       _ismbblead                 0000000180008704 f   libucrt:ismbbyte.obj
 0001:00007718       __acrt_initialize_command_line 0000000180008718 f   libucrt:argv_data.obj
 0001:00007740       __acrt_uninitialize_command_line 0000000180008740 f   libucrt:argv_data.obj
 0001:00007744       __dcrt_get_narrow_environment_from_os 0000000180008744 f   libucrt:get_environment_from_os.obj
 0001:00007848       _recalloc                  0000000180008848 f   libucrt:recalloc.obj
 0001:00007850       _recalloc_base             0000000180008850 f   libucrt:recalloc.obj
 0001:000078e8       __acrt_initialize_heap     00000001800088e8 f   libucrt:heap_handle.obj
 0001:00007904       __acrt_uninitialize_heap   0000000180008904 f   libucrt:heap_handle.obj
 0001:00007af8       __acrt_initialize_lowio    0000000180008af8 f   libucrt:ioinit.obj
 0001:00007b34       __acrt_uninitialize_lowio  0000000180008b34 f   libucrt:ioinit.obj
 0001:00007b74       __acrt_execute_initializers 0000000180008b74 f   libucrt:shared_initialization.obj
 0001:00007c08       __acrt_execute_uninitializers 0000000180008c08 f   libucrt:shared_initialization.obj
 0001:00007c58       __acrt_initialize_new_handler 0000000180008c58 f   libucrt:new_handler.obj
 0001:00007c60       _callnewh                  0000000180008c60 f   libucrt:new_handler.obj
 0001:00007ca0       _query_new_handler         0000000180008ca0 f   libucrt:new_handler.obj
 0001:00007cd4       ??$?RV<lambda_c36588078e9f5dfd39652860aa6b3aaf>@@AEAV<lambda_ec61778202f4f5fc7e7711acc23c3bca>@@V<lambda_dc9d2797ccde5d239b4a0efae8ebd7db>@@@?$__crt_seh_guarded_call@P6AXH@Z@@QEAAP6AXH@Z$$QEAV<lambda_c36588078e9f5dfd39652860aa6b3aaf>@@AEAV<lambda_ec61778202f4f5fc7e7711acc23c3bca>@@$$QEAV<lambda_dc9d2797ccde5d239b4a0efae8ebd7db>@@@Z 0000000180008cd4 f i libucrt:signal.obj
 0001:00007d1c       __acrt_get_sigabrt_handler 0000000180008d1c f   libucrt:signal.obj
 0001:00007d4c       __acrt_initialize_signal_handlers 0000000180008d4c f   libucrt:signal.obj
 0001:00007d6c       raise                      0000000180008d6c f   libucrt:signal.obj
 0001:00008008       __acrt_has_user_matherr    0000000180009008 f   libucrt:matherr.obj
 0001:00008028       __acrt_initialize_user_matherr 0000000180009028 f   libucrt:matherr.obj
 0001:00008030       __acrt_invoke_user_matherr 0000000180009030 f   libucrt:matherr.obj
 0001:00008078       _query_new_mode            0000000180009078 f   libucrt:new_mode.obj
 0001:00008080       _mbtowc_l                  0000000180009080 f   libucrt:mbtowc.obj
 0001:000081c8       mbtowc                     00000001800091c8 f   libucrt:mbtowc.obj
 0001:000081d0       _fileno                    00000001800091d0 f   libucrt:fileno.obj
 0001:000081f8       __acrt_initialize_stdio    00000001800091f8 f   libucrt:_file.obj
 0001:00008318       __acrt_uninitialize_stdio  0000000180009318 f   libucrt:_file.obj
 0001:00008374       _lock_file                 0000000180009374 f   libucrt:_file.obj
 0001:00008380       _unlock_file               0000000180009380 f   libucrt:_file.obj
 0001:0000838c       __pctype_func              000000018000938c f   libucrt:ctype.obj
 0001:000083bc       _isctype_l                 00000001800093bc f   libucrt:isctype.obj
 0001:000084cc       _isleadbyte_l              00000001800094cc f i libucrt:_wctype.obj
 0001:00008868       __acrt_LCMapStringA        0000000180009868 f   libucrt:lcmapstringa.obj
 0001:00008900       __acrt_add_locale_ref      0000000180009900 f   libucrt:locale_refcounting.obj
 0001:0000898c       __acrt_free_locale         000000018000998c f   libucrt:locale_refcounting.obj
 0001:00008b04       __acrt_locale_add_lc_time_reference 0000000180009b04 f   libucrt:locale_refcounting.obj
 0001:00008b2c       __acrt_locale_free_lc_time_if_unreferenced 0000000180009b2c f   libucrt:locale_refcounting.obj
 0001:00008b64       __acrt_locale_release_lc_time_reference 0000000180009b64 f   libucrt:locale_refcounting.obj
 0001:00008b8c       __acrt_release_locale_ref  0000000180009b8c f   libucrt:locale_refcounting.obj
 0001:00008c34       __acrt_update_thread_locale_data 0000000180009c34 f   libucrt:locale_refcounting.obj
 0001:00008ca4       _updatetlocinfoEx_nolock   0000000180009ca4 f   libucrt:locale_refcounting.obj
 0001:00008d0c       __acrt_locale_free_monetary 0000000180009d0c f   libucrt:initmon.obj
 0001:00008e18       __acrt_locale_free_numeric 0000000180009e18 f   libucrt:initnum.obj
 0001:00008edc       __acrt_locale_free_time    0000000180009edc f   libucrt:inittime.obj
 0001:00008fe4       __acrt_GetStringTypeA      0000000180009fe4 f   libucrt:getstringtypea.obj
 0001:00009260       __acrt_DownlevelLocaleNameToLCID 000000018000a260 f   libucrt:lcidtoname_downlevel.obj
 0001:00009370       qsort                      000000018000a370 f   libucrt:qsort.obj
 0001:000096a4       strncpy_s                  000000018000a6a4 f   libucrt:strncpy_s.obj
 0001:00009778       strpbrk                    000000018000a778 f   libucrt:strpbrk.obj
 0001:00009818       _mbsdec                    000000018000a818 f   libucrt:mbsdec.obj
 0001:00009820       _mbsdec_l                  000000018000a820 f   libucrt:mbsdec.obj
 0001:000098d0       _msize                     000000018000a8d0 f   libucrt:msize.obj
 0001:0000990c       _realloc_base              000000018000a90c f   libucrt:realloc_base.obj
 0001:00009990       __acrt_lowio_create_handle_array 000000018000a990 f   libucrt:osfinfo.obj
 0001:00009a28       __acrt_lowio_destroy_handle_array 000000018000aa28 f   libucrt:osfinfo.obj
 0001:00009a78       __acrt_lowio_ensure_fh_exists 000000018000aa78 f   libucrt:osfinfo.obj
 0001:00009b30       __acrt_lowio_lock_fh       000000018000ab30 f   libucrt:osfinfo.obj
 0001:00009b54       __acrt_lowio_unlock_fh     000000018000ab54 f   libucrt:osfinfo.obj
 0001:00009b78       _free_osfhnd               000000018000ab78 f   libucrt:osfinfo.obj
 0001:00009c34       _get_osfhandle             000000018000ac34 f   libucrt:osfinfo.obj
 0001:00009cac       _isatty                    000000018000acac f   libucrt:isatty.obj
 0001:00009d0c       __acrt_stdio_flush_nolock  000000018000ad0c f   libucrt:fflush.obj
 0001:00009d84       _fflush_nolock             000000018000ad84 f   libucrt:fflush.obj
 0001:00009dd0       _flushall                  000000018000add0 f   libucrt:fflush.obj
 0001:00009ec0       _fcloseall                 000000018000aec0 f   libucrt:closeall.obj
 0001:00009f74       __acrt_stdio_free_buffer_nolock 000000018000af74 f   libucrt:_freebuf.obj
 0001:00009fb4       __strncnt                  000000018000afb4 f   libucrt:strncnt.obj
 0001:00009fcc       _query_app_type            000000018000afcc f   libucrt:report_runtime_error.obj
 0001:00009fd4       ??$?RV<lambda_b521505b218e5242e90febf6bfebc422>@@AEAV<lambda_6978c1fb23f02e42e1d9e99668cc68aa>@@V<lambda_314360699dd331753a4119843814e9a7>@@@?$__crt_seh_guarded_call@H@@QEAAH$$QEAV<lambda_b521505b218e5242e90febf6bfebc422>@@AEAV<lambda_6978c1fb23f02e42e1d9e99668cc68aa>@@$$QEAV<lambda_314360699dd331753a4119843814e9a7>@@@Z 000000018000afd4 f i libucrt:commit.obj
 0001:0000a060       _commit                    000000018000b060 f   libucrt:commit.obj
 0001:0000a694       _write                     000000018000b694 f   libucrt:write.obj
 0001:0000a780       _write_nolock              000000018000b780 f   libucrt:write.obj
 0001:0000aa70       log10                      000000018000ba70 f   libucrt:log10.obj
 0001:0000b0b8       _lseeki64_nolock           000000018000c0b8 f   libucrt:lseek.obj
 0001:0000b0c0       _fclose_nolock             000000018000c0c0 f   libucrt:fclose.obj
 0001:0000b144       fclose                     000000018000c144 f   libucrt:fclose.obj
 0001:0000b1b0       _putwch_nolock             000000018000c1b0 f   libucrt:putwch.obj
 0001:0000b330       _handle_error              000000018000c330 f   libucrt:libm_error.obj
 0001:0000b460       __acrt_initialize_fma3     000000018000c460 f   libucrt:fma3_available.obj
 0001:0000b4d0       _log10_special             000000018000c4d0 f   libucrt:log_special.obj
 0001:0000b588       ??$?RV<lambda_bfedae4ebbf01fab1bb6dcc6a9e276e0>@@AEAV<lambda_2fe9b910cf3cbf4a0ab98a02ba45b3ec>@@V<lambda_237c231691f317818eb88cc1d5d642d6>@@@?$__crt_seh_guarded_call@H@@QEAAH$$QEAV<lambda_bfedae4ebbf01fab1bb6dcc6a9e276e0>@@AEAV<lambda_2fe9b910cf3cbf4a0ab98a02ba45b3ec>@@$$QEAV<lambda_237c231691f317818eb88cc1d5d642d6>@@@Z 000000018000c588 f i libucrt:close.obj
 0001:0000b5fc       _close                     000000018000c5fc f   libucrt:close.obj
 0001:0000b6a0       _close_nolock              000000018000c6a0 f   libucrt:close.obj
 0001:0000b75c       ?__acrt_stdio_free_stream@@YAXV__crt_stdio_stream@@@Z 000000018000c75c f   libucrt:stream.obj
 0001:0000b7a0       __dcrt_lowio_initialize_console_output 000000018000c7a0 f   libucrt:initcon.obj
 0001:0000b7dc       __dcrt_terminate_console_output 000000018000c7dc f   libucrt:initcon.obj
 0001:0000b810       _get_fpsr                  000000018000c810 f   libucrt:fpsr.obj
 0001:0000b820       _set_fpsr                  000000018000c820 f   libucrt:fpsr.obj
 0001:0000b82a       _fclrf                     000000018000c82a f   libucrt:fpsr.obj
 0001:0000b83e       _frnd                      000000018000c83e f   libucrt:fpsr.obj
 0001:0000b860       _raise_exc                 000000018000c860 f   libucrt:fpexcept.obj
 0001:0000b888       _raise_exc_ex              000000018000c888 f   libucrt:fpexcept.obj
 0001:0000bb90       _set_errno_from_matherr    000000018000cb90 f   libucrt:fpexcept.obj
 0001:0000bbc0       _clrfp                     000000018000cbc0 f   libucrt:fpctrl.obj
 0001:0000bbe0       _ctrlfp                    000000018000cbe0 f   libucrt:fpctrl.obj
 0001:0000bc5c       _set_statfp                000000018000cc5c f   libucrt:fpctrl.obj
 0001:0000bc7c       _statfp                    000000018000cc7c f   libucrt:fpctrl.obj
 0001:0000bc8e       IsProcessorFeaturePresent  000000018000cc8e f   kernel32:KERNEL32.dll
 0001:0000bc94       RtlUnwindEx                000000018000cc94 f   kernel32:KERNEL32.dll
 0001:0000bc9c       ?DloadAcquireSectionWriteAccess@@YAXXZ 000000018000cc9c f i DelayImp:delayhlp.obj
 0001:0000bd58       ?DloadGetSRWLockFunctionPointers@@YAEXZ 000000018000cd58 f i DelayImp:delayhlp.obj
 0001:0000bdf4       ?DloadMakePermanentImageCommit@@YAXPEAX_K@Z 000000018000cdf4 f i DelayImp:delayhlp.obj
 0001:0000be8c       ?DloadObtainSection@@YAPEAXPEAK0@Z 000000018000ce8c f i DelayImp:delayhlp.obj
 0001:0000bf24       ?DloadProtectSection@@YAXKPEAK@Z 000000018000cf24 f i DelayImp:delayhlp.obj
 0001:0000bfb4       ?DloadReleaseSectionWriteAccess@@YAXXZ 000000018000cfb4 f i DelayImp:delayhlp.obj
 0001:0000c058       __delayLoadHelper2         000000018000d058 f   DelayImp:delayhlp.obj
 0001:0000c360       _FindPESection             000000018000d360 f   LIBCMT:pesect.obj
 0001:0000c3b0       _IsNonwritableInCurrentImage 000000018000d3b0 f   LIBCMT:pesect.obj
 0001:0000c400       _ValidateImageBase         000000018000d400 f   LIBCMT:pesect.obj
 0001:0000c430       __GSHandlerCheck           000000018000d430 f   LIBCMT:_gshandler_.obj
 0001:0000c450       __GSHandlerCheckCommon     000000018000d450 f   LIBCMT:_gshandler_.obj
 0001:0000c4c0       _alloca_probe              000000018000d4c0 f   LIBCMT:_chkstk_.obj
 0001:0000c4c0       __chkstk                   000000018000d4c0 f   LIBCMT:_chkstk_.obj
 0001:0000c530       memcpy                     000000018000d530 f   libvcruntime:memcpy.obj
 0001:0000c530       memmove                    000000018000d530 f   libvcruntime:memcpy.obj
 0001:0000c980       memcmp                     000000018000d980 f   libvcruntime:memcmp.obj
 0001:0000ca60       _guard_dispatch_icall_nop  000000018000da60 f   LIBCMT:_guard_dispatch_.obj
 0002:00000000       __imp_GetModuleHandleA     000000018000e000     kernel32:KERNEL32.dll
 0002:00000008       __imp_RtlCaptureContext    000000018000e008     kernel32:KERNEL32.dll
 0002:00000010       __imp_RtlLookupFunctionEntry 000000018000e010     kernel32:KERNEL32.dll
 0002:00000018       __imp_RtlVirtualUnwind     000000018000e018     kernel32:KERNEL32.dll
 0002:00000020       __imp_UnhandledExceptionFilter 000000018000e020     kernel32:KERNEL32.dll
 0002:00000028       __imp_SetUnhandledExceptionFilter 000000018000e028     kernel32:KERNEL32.dll
 0002:00000030       __imp_GetCurrentProcess    000000018000e030     kernel32:KERNEL32.dll
 0002:00000038       __imp_TerminateProcess     000000018000e038     kernel32:KERNEL32.dll
 0002:00000040       __imp_IsProcessorFeaturePresent 000000018000e040     kernel32:KERNEL32.dll
 0002:00000048       __imp_QueryPerformanceCounter 000000018000e048     kernel32:KERNEL32.dll
 0002:00000050       __imp_GetCurrentProcessId  000000018000e050     kernel32:KERNEL32.dll
 0002:00000058       __imp_GetCurrentThreadId   000000018000e058     kernel32:KERNEL32.dll
 0002:00000060       __imp_GetSystemTimeAsFileTime 000000018000e060     kernel32:KERNEL32.dll
 0002:00000068       __imp_InitializeSListHead  000000018000e068     kernel32:KERNEL32.dll
 0002:00000070       __imp_IsDebuggerPresent    000000018000e070     kernel32:KERNEL32.dll
 0002:00000078       __imp_GetStartupInfoW      000000018000e078     kernel32:KERNEL32.dll
 0002:00000080       __imp_GetModuleHandleW     000000018000e080     kernel32:KERNEL32.dll
 0002:00000088       __imp_RtlUnwindEx          000000018000e088     kernel32:KERNEL32.dll
 0002:00000090       __imp_InterlockedFlushSList 000000018000e090     kernel32:KERNEL32.dll
 0002:00000098       __imp_GetLastError         000000018000e098     kernel32:KERNEL32.dll
 0002:000000a0       __imp_SetLastError         000000018000e0a0     kernel32:KERNEL32.dll
 0002:000000a8       __imp_EnterCriticalSection 000000018000e0a8     kernel32:KERNEL32.dll
 0002:000000b0       __imp_LeaveCriticalSection 000000018000e0b0     kernel32:KERNEL32.dll
 0002:000000b8       __imp_DeleteCriticalSection 000000018000e0b8     kernel32:KERNEL32.dll
 0002:000000c0       __imp_InitializeCriticalSectionAndSpinCount 000000018000e0c0     kernel32:KERNEL32.dll
 0002:000000c8       __imp_TlsAlloc             000000018000e0c8     kernel32:KERNEL32.dll
 0002:000000d0       __imp_TlsGetValue          000000018000e0d0     kernel32:KERNEL32.dll
 0002:000000d8       __imp_TlsSetValue          000000018000e0d8     kernel32:KERNEL32.dll
 0002:000000e0       __imp_TlsFree              000000018000e0e0     kernel32:KERNEL32.dll
 0002:000000e8       __imp_FreeLibrary          000000018000e0e8     kernel32:KERNEL32.dll
 0002:000000f0       __imp_GetProcAddress       000000018000e0f0     kernel32:KERNEL32.dll
 0002:000000f8       __imp_LoadLibraryExW       000000018000e0f8     kernel32:KERNEL32.dll
 0002:00000100       __imp_ExitProcess          000000018000e100     kernel32:KERNEL32.dll
 0002:00000108       __imp_GetModuleHandleExW   000000018000e108     kernel32:KERNEL32.dll
 0002:00000110       __imp_GetModuleFileNameA   000000018000e110     kernel32:KERNEL32.dll
 0002:00000118       __imp_MultiByteToWideChar  000000018000e118     kernel32:KERNEL32.dll
 0002:00000120       __imp_WideCharToMultiByte  000000018000e120     kernel32:KERNEL32.dll
 0002:00000128       __imp_HeapFree             000000018000e128     kernel32:KERNEL32.dll
 0002:00000130       __imp_HeapAlloc            000000018000e130     kernel32:KERNEL32.dll
 0002:00000138       __imp_GetACP               000000018000e138     kernel32:KERNEL32.dll
 0002:00000140       __imp_LCMapStringW         000000018000e140     kernel32:KERNEL32.dll
 0002:00000148       __imp_FindClose            000000018000e148     kernel32:KERNEL32.dll
 0002:00000150       __imp_FindFirstFileExA     000000018000e150     kernel32:KERNEL32.dll
 0002:00000158       __imp_FindNextFileA        000000018000e158     kernel32:KERNEL32.dll
 0002:00000160       __imp_IsValidCodePage      000000018000e160     kernel32:KERNEL32.dll
 0002:00000168       __imp_GetOEMCP             000000018000e168     kernel32:KERNEL32.dll
 0002:00000170       __imp_GetCPInfo            000000018000e170     kernel32:KERNEL32.dll
 0002:00000178       __imp_GetCommandLineA      000000018000e178     kernel32:KERNEL32.dll
 0002:00000180       __imp_GetCommandLineW      000000018000e180     kernel32:KERNEL32.dll
 0002:00000188       __imp_GetEnvironmentStringsW 000000018000e188     kernel32:KERNEL32.dll
 0002:00000190       __imp_FreeEnvironmentStringsW 000000018000e190     kernel32:KERNEL32.dll
 0002:00000198       __imp_GetProcessHeap       000000018000e198     kernel32:KERNEL32.dll
 0002:000001a0       __imp_GetStdHandle         000000018000e1a0     kernel32:KERNEL32.dll
 0002:000001a8       __imp_GetFileType          000000018000e1a8     kernel32:KERNEL32.dll
 0002:000001b0       __imp_GetStringTypeW       000000018000e1b0     kernel32:KERNEL32.dll
 0002:000001b8       __imp_HeapSize             000000018000e1b8     kernel32:KERNEL32.dll
 0002:000001c0       __imp_HeapReAlloc          000000018000e1c0     kernel32:KERNEL32.dll
 0002:000001c8       __imp_SetStdHandle         000000018000e1c8     kernel32:KERNEL32.dll
 0002:000001d0       __imp_WriteFile            000000018000e1d0     kernel32:KERNEL32.dll
 0002:000001d8       __imp_FlushFileBuffers     000000018000e1d8     kernel32:KERNEL32.dll
 0002:000001e0       __imp_GetConsoleCP         000000018000e1e0     kernel32:KERNEL32.dll
 0002:000001e8       __imp_GetConsoleMode       000000018000e1e8     kernel32:KERNEL32.dll
 0002:000001f0       __imp_SetFilePointerEx     000000018000e1f0     kernel32:KERNEL32.dll
 0002:000001f8       __imp_CloseHandle          000000018000e1f8     kernel32:KERNEL32.dll
 0002:00000200       __imp_WriteConsoleW        000000018000e200     kernel32:KERNEL32.dll
 0002:00000208       __imp_CreateFileW          000000018000e208     kernel32:KERNEL32.dll
 0002:00000210       __imp_RaiseException       000000018000e210     kernel32:KERNEL32.dll
 0002:00000218       __imp_GetSystemInfo        000000018000e218     kernel32:KERNEL32.dll
 0002:00000220       __imp_VirtualProtect       000000018000e220     kernel32:KERNEL32.dll
 0002:00000228       __imp_VirtualQuery         000000018000e228     kernel32:KERNEL32.dll
 0002:00000230       __imp_LoadLibraryExA       000000018000e230     kernel32:KERNEL32.dll
 0002:00000238       \177KERNEL32_NULL_THUNK_DATA 000000018000e238     kernel32:KERNEL32.dll
 0002:00000240       __guard_check_icall_fptr   000000018000e240     LIBCMT:guard_support.obj
 0002:00000248       __guard_dispatch_icall_fptr 000000018000e248     LIBCMT:guard_support.obj
 0002:00000250       __xc_a                     000000018000e250     LIBCMT:initializers.obj
 0002:00000258       _register_tree_sitter_freemarker_binding_ 000000018000e258     binding.obj
 0002:00000260       __xc_z                     000000018000e260     LIBCMT:initializers.obj
 0002:00000268       __xi_a                     000000018000e268     LIBCMT:initializers.obj
 0002:00000270       __acrt_multibyte_initializer 000000018000e270     libucrt:multibyte_initializer.obj
 0002:00000278       __acrt_stdio_initializer   000000018000e278     libucrt:stdio_initializer.obj
 0002:00000280       __acrt_tran_fma3_initializer 000000018000e280     libucrt:fma3_initializer.obj
 0002:00000288       __xi_z                     000000018000e288     LIBCMT:initializers.obj
 0002:00000290       __xp_a                     000000018000e290     LIBCMT:initializers.obj
 0002:00000298       __acrt_locale_terminator   000000018000e298     libucrt:locale_initializer.obj
 0002:000002a0       __dcrt_console_output_terminator 000000018000e2a0     libucrt:console_output_initializer.obj
 0002:000002a8       __acrt_stdio_terminator    000000018000e2a8     libucrt:stdio_initializer.obj
 0002:000002b0       __xp_z                     000000018000e2b0     LIBCMT:initializers.obj
 0002:000002b8       __xt_a                     000000018000e2b8     LIBCMT:initializers.obj
 0002:000002c0       __xt_z                     000000018000e2c0     LIBCMT:initializers.obj
 0002:000002d0       __sz_node_exe              000000018000e2d0     node:node.exe
 0002:000002e0       _pRawDllMain               000000018000e2e0     LIBCMT:dll_dllmain.obj
 0002:000002e0       _pDefaultRawDllMain        000000018000e2e0     LIBCMT:dll_dllmain.obj
 0002:00000318       ??_C@_1BC@DNHGCMLG@?$AAa?$AAd?$AAv?$AAa?$AAp?$AAi?$AA3?$AA2?$AA?$AA@ 000000018000e318     libvcruntime:winapi_downlevel.obj
 0002:00000330       ??_C@_1DM@KHCHBNEB@?$AAa?$AAp?$AAi?$AA?9?$AAm?$AAs?$AA?9?$AAw?$AAi?$AAn?$AA?9?$AAc?$AAo?$AAr?$AAe?$AA?9?$AAf?$AAi?$AAb?$AAe?$AAr?$AAs?$AA?9?$AAl?$AA1?$AA?9?$AA1?$AA?9?$AA1?$AA?$AA@ 000000018000e330     libvcruntime:winapi_downlevel.obj
 0002:00000370       ??_C@_1DK@LPPGFMPP@?$AAa?$AAp?$AAi?$AA?9?$AAm?$AAs?$AA?9?$AAw?$AAi?$AAn?$AA?9?$AAc?$AAo?$AAr?$AAe?$AA?9?$AAs?$AAy?$AAn?$AAc?$AAh?$AA?9?$AAl?$AA1?$AA?9?$AA2?$AA?9?$AA0?$AA?$AA@ 000000018000e370     libvcruntime:winapi_downlevel.obj
 0002:000003b0       ??_C@_1BC@GDMECMAK@?$AAk?$AAe?$AAr?$AAn?$AAe?$AAl?$AA3?$AA2?$AA?$AA@ 000000018000e3b0     libvcruntime:winapi_downlevel.obj
 0002:000003d0       ??_C@_08KNHFBNJ@FlsAlloc?$AA@ 000000018000e3d0     libvcruntime:winapi_downlevel.obj
 0002:000003e8       ??_C@_07PEJMOBNF@FlsFree?$AA@ 000000018000e3e8     libvcruntime:winapi_downlevel.obj
 0002:000003f8       ??_C@_0M@GDNOONDI@FlsGetValue?$AA@ 000000018000e3f8     libvcruntime:winapi_downlevel.obj
 0002:00000410       ??_C@_0M@JCPCPOEF@FlsSetValue?$AA@ 000000018000e410     libvcruntime:winapi_downlevel.obj
 0002:00000428       ??_C@_0BM@HCFOFFN@InitializeCriticalSectionEx?$AA@ 000000018000e428     libvcruntime:winapi_downlevel.obj
 0002:00000770       ??_C@_08EHJDFFNH@__based?$CI?$AA@ 000000018000e770     libvcruntime:undname.obj
 0002:00000780       ??_C@_07KOLFKCDI@__cdecl?$AA@ 000000018000e780     libvcruntime:undname.obj
 0002:00000788       ??_C@_08GHMPAG@__pascal?$AA@ 000000018000e788     libvcruntime:undname.obj
 0002:00000798       ??_C@_09IFJBGAPI@__stdcall?$AA@ 000000018000e798     libvcruntime:undname.obj
 0002:000007a8       ??_C@_0L@NPHFGOKO@__thiscall?$AA@ 000000018000e7a8     libvcruntime:undname.obj
 0002:000007b8       ??_C@_0L@JMKHOMEK@__fastcall?$AA@ 000000018000e7b8     libvcruntime:undname.obj
 0002:000007c8       ??_C@_0N@BCKKPABJ@__vectorcall?$AA@ 000000018000e7c8     libvcruntime:undname.obj
 0002:000007d8       ??_C@_09HIJEGCPM@__clrcall?$AA@ 000000018000e7d8     libvcruntime:undname.obj
 0002:000007e4       ??_C@_06GHPCKEAG@__eabi?$AA@ 000000018000e7e4     libvcruntime:undname.obj
 0002:000007f0       ??_C@_07JOMMBBKO@__ptr64?$AA@ 000000018000e7f0     libvcruntime:undname.obj
 0002:000007f8       ??_C@_0L@PILCLIHE@__restrict?$AA@ 000000018000e7f8     libvcruntime:undname.obj
 0002:00000808       ??_C@_0M@GFIIJFMG@__unaligned?$AA@ 000000018000e808     libvcruntime:undname.obj
 0002:00000818       ??_C@_09DHDLOLLB@restrict?$CI?$AA@ 000000018000e818     libvcruntime:undname.obj
 0002:00000822       ??_C@_00CNPNBAHC@?$AA@     000000018000e822     libvcruntime:undname.obj
 0002:00000824       ??_C@_04NIHEBCM@?5new?$AA@ 000000018000e824     libvcruntime:undname.obj
 0002:00000830       ??_C@_07FPCDHGMM@?5delete?$AA@ 000000018000e830     libvcruntime:undname.obj
 0002:00000838       ??_C@_01NEMOKFLO@?$DN?$AA@ 000000018000e838     libvcruntime:undname.obj
 0002:0000083c       ??_C@_02GPIOPFAK@?$DO?$DO?$AA@ 000000018000e83c     libvcruntime:undname.obj
 0002:00000840       ??_C@_02FODMEDOG@?$DM?$DM?$AA@ 000000018000e840     libvcruntime:undname.obj
 0002:00000844       ??_C@_01DCLJPIOD@?$CB?$AA@ 000000018000e844     libvcruntime:undname.obj
 0002:00000848       ??_C@_02EGOFBIJA@?$DN?$DN?$AA@ 000000018000e848     libvcruntime:undname.obj
 0002:0000084c       ??_C@_02FDNJECIE@?$CB?$DN?$AA@ 000000018000e84c     libvcruntime:undname.obj
 0002:00000850       ??_C@_02GPECMEKF@?$FL?$FN?$AA@ 000000018000e850     libvcruntime:undname.obj
 0002:00000858       ??_C@_08LHJFAFGD@operator?$AA@ 000000018000e858     libvcruntime:undname.obj
 0002:00000864       ??_C@_02HBOOOICD@?9?$DO?$AA@ 000000018000e864     libvcruntime:undname.obj
 0002:00000868       ??_C@_01NBENCBCI@?$CK?$AA@ 000000018000e868     libvcruntime:undname.obj
 0002:0000086c       ??_C@_02ECNGHCIF@?$CL?$CL?$AA@ 000000018000e86c     libvcruntime:undname.obj
 0002:00000870       ??_C@_02BAABKJLB@?9?9?$AA@ 000000018000e870     libvcruntime:undname.obj
 0002:00000874       ??_C@_01JOAMLHOP@?9?$AA@   000000018000e874     libvcruntime:undname.obj
 0002:00000878       ??_C@_01MIFGBAGJ@?$CL?$AA@ 000000018000e878     libvcruntime:undname.obj
 0002:0000087c       ??_C@_01HNPIGOCE@?$CG?$AA@ 000000018000e87c     libvcruntime:undname.obj
 0002:00000880       ??_C@_03MNHNFDLC@?9?$DO?$CK?$AA@ 000000018000e880     libvcruntime:undname.obj
 0002:00000884       ??_C@_01KMDKNFGN@?1?$AA@   000000018000e884     libvcruntime:undname.obj
 0002:00000888       ??_C@_01FGNFDNOH@?$CF?$AA@ 000000018000e888     libvcruntime:undname.obj
 0002:0000088c       ??_C@_01MNNFJEPP@?$DM?$AA@ 000000018000e88c     libvcruntime:undname.obj
 0002:00000890       ??_C@_02EHCHHCKH@?$DM?$DN?$AA@ 000000018000e890     libvcruntime:undname.obj
 0002:00000894       ??_C@_02EEKDKGMJ@?$DO?$DN?$AA@ 000000018000e894     libvcruntime:undname.obj
 0002:00000898       ??_C@_01IHBHIGKO@?0?$AA@   000000018000e898     libvcruntime:undname.obj
 0002:0000089c       ??_C@_02HCKGKOFO@?$CI?$CJ?$AA@ 000000018000e89c     libvcruntime:undname.obj
 0002:000008a0       ??_C@_01PJKLJHI@?$HO?$AA@  000000018000e8a0     libvcruntime:undname.obj
 0002:000008a4       ??_C@_01JKBOJNNK@?$FO?$AA@ 000000018000e8a4     libvcruntime:undname.obj
 0002:000008a8       ??_C@_01DNKMNLPK@?$HM?$AA@ 000000018000e8a8     libvcruntime:undname.obj
 0002:000008ac       ??_C@_02PPKAJPJL@?$CG?$CG?$AA@ 000000018000e8ac     libvcruntime:undname.obj
 0002:000008b0       ??_C@_02NONPIBCD@?$HM?$HM?$AA@ 000000018000e8b0     libvcruntime:undname.obj
 0002:000008b4       ??_C@_02FPIMKNGF@?$CK?$DN?$AA@ 000000018000e8b4     libvcruntime:undname.obj
 0002:000008b8       ??_C@_02FOEOMHFC@?$CL?$DN?$AA@ 000000018000e8b8     libvcruntime:undname.obj
 0002:000008bc       ??_C@_02FKMDLLOA@?9?$DN?$AA@ 000000018000e8bc     libvcruntime:undname.obj
 0002:000008c0       ??_C@_02FJEHGPIO@?1?$DN?$AA@ 000000018000e8c0     libvcruntime:undname.obj
 0002:000008c4       ??_C@_02FENAOKFI@?$CF?$DN?$AA@ 000000018000e8c4     libvcruntime:undname.obj
 0002:000008c8       ??_C@_03IKFCCPFF@?$DO?$DO?$DN?$AA@ 000000018000e8c8     libvcruntime:undname.obj
 0002:000008cc       ??_C@_03CDNPDDLA@?$DM?$DM?$DN?$AA@ 000000018000e8cc     libvcruntime:undname.obj
 0002:000008d0       ??_C@_02FGJGFEAB@?$CG?$DN?$AA@ 000000018000e8d0     libvcruntime:undname.obj
 0002:000008d4       ??_C@_02DHLNPPGH@?$HM?$DN?$AA@ 000000018000e8d4     libvcruntime:undname.obj
 0002:000008d8       ??_C@_02MHEGNOJ@?$FO?$DN?$AA@ 000000018000e8d8     libvcruntime:undname.obj
 0002:000008e0       ??_C@_09IFPLHPGF@?$GAvftable?8?$AA@ 000000018000e8e0     libvcruntime:undname.obj
 0002:000008f0       ??_C@_09BLBHBJP@?$GAvbtable?8?$AA@ 000000018000e8f0     libvcruntime:undname.obj
 0002:00000900       ??_C@_07FEEIOKP@?$GAvcall?8?$AA@ 000000018000e900     libvcruntime:undname.obj
 0002:00000908       ??_C@_08LLFFHHDJ@?$GAtypeof?8?$AA@ 000000018000e908     libvcruntime:undname.obj
 0002:00000918       ??_C@_0BF@KDPPACIK@?$GAlocal?5static?5guard?8?$AA@ 000000018000e918     libvcruntime:undname.obj
 0002:00000930       ??_C@_08OBABFOLI@?$GAstring?8?$AA@ 000000018000e930     libvcruntime:undname.obj
 0002:00000940       ??_C@_0BD@JDLKDPAB@?$GAvbase?5destructor?8?$AA@ 000000018000e940     libvcruntime:undname.obj
 0002:00000958       ??_C@_0BN@DEGPLNFK@?$GAvector?5deleting?5destructor?8?$AA@ 000000018000e958     libvcruntime:undname.obj
 0002:00000978       ??_C@_0BO@OBMKPJIG@?$GAdefault?5constructor?5closure?8?$AA@ 000000018000e978     libvcruntime:undname.obj
 0002:00000998       ??_C@_0BN@IMDCHIKM@?$GAscalar?5deleting?5destructor?8?$AA@ 000000018000e998     libvcruntime:undname.obj
 0002:000009b8       ??_C@_0BO@PFGOCPJJ@?$GAvector?5constructor?5iterator?8?$AA@ 000000018000e9b8     libvcruntime:undname.obj
 0002:000009d8       ??_C@_0BN@LFPFMEDL@?$GAvector?5destructor?5iterator?8?$AA@ 000000018000e9d8     libvcruntime:undname.obj
 0002:000009f8       ??_C@_0CE@IKBNEHA@?$GAvector?5vbase?5constructor?5iterat@ 000000018000e9f8     libvcruntime:undname.obj
 0002:00000a20       ??_C@_0BL@NILFHHPC@?$GAvirtual?5displacement?5map?8?$AA@ 000000018000ea20     libvcruntime:undname.obj
 0002:00000a40       ??_C@_0CB@JONCMFFK@?$GAeh?5vector?5constructor?5iterator?8@ 000000018000ea40     libvcruntime:undname.obj
 0002:00000a68       ??_C@_0CA@GCEOPDGL@?$GAeh?5vector?5destructor?5iterator?8?$AA@ 000000018000ea68     libvcruntime:undname.obj
 0002:00000a88       ??_C@_0CH@OOJPLCPH@?$GAeh?5vector?5vbase?5constructor?5ite@ 000000018000ea88     libvcruntime:undname.obj
 0002:00000ab0       ??_C@_0BL@LLKPOHJI@?$GAcopy?5constructor?5closure?8?$AA@ 000000018000eab0     libvcruntime:undname.obj
 0002:00000ad0       ??_C@_0BA@KBCDOMBN@?$GAudt?5returning?8?$AA@ 000000018000ead0     libvcruntime:undname.obj
 0002:00000ae0       ??_C@_03KLGMFNMG@?$GAEH?$AA@ 000000018000eae0     libvcruntime:undname.obj
 0002:00000ae4       ??_C@_05KHLCHHI@?$GARTTI?$AA@ 000000018000eae4     libvcruntime:undname.obj
 0002:00000af0       ??_C@_0BA@KKLDJDLB@?$GAlocal?5vftable?8?$AA@ 000000018000eaf0     libvcruntime:undname.obj
 0002:00000b00       ??_C@_0CE@IIHCMGGL@?$GAlocal?5vftable?5constructor?5closu@ 000000018000eb00     libvcruntime:undname.obj
 0002:00000b24       ??_C@_06FHBGPFGH@?5new?$FL?$FN?$AA@ 000000018000eb24     libvcruntime:undname.obj
 0002:00000b30       ??_C@_09LBNFPBCA@?5delete?$FL?$FN?$AA@ 000000018000eb30     libvcruntime:undname.obj
 0002:00000b40       ??_C@_0P@HJKNJFNN@?$GAomni?5callsig?8?$AA@ 000000018000eb40     libvcruntime:undname.obj
 0002:00000b50       ??_C@_0BL@CNOONJFP@?$GAplacement?5delete?5closure?8?$AA@ 000000018000eb50     libvcruntime:undname.obj
 0002:00000b70       ??_C@_0BN@CKNJLHMB@?$GAplacement?5delete?$FL?$FN?5closure?8?$AA@ 000000018000eb70     libvcruntime:undname.obj
 0002:00000b90       ??_C@_0CG@CFDHKGGD@?$GAmanaged?5vector?5constructor?5iter@ 000000018000eb90     libvcruntime:undname.obj
 0002:00000bb8       ??_C@_0CF@IMGKMJNO@?$GAmanaged?5vector?5destructor?5itera@ 000000018000ebb8     libvcruntime:undname.obj
 0002:00000be0       ??_C@_0CG@HLDDJMAG@?$GAeh?5vector?5copy?5constructor?5iter@ 000000018000ebe0     libvcruntime:undname.obj
 0002:00000c08       ??_C@_0CM@FCBBDIGB@?$GAeh?5vector?5vbase?5copy?5constructo@ 000000018000ec08     libvcruntime:undname.obj
 0002:00000c38       ??_C@_0BL@CLIPGLGB@?$GAdynamic?5initializer?5for?5?8?$AA@ 000000018000ec38     libvcruntime:undname.obj
 0002:00000c58       ??_C@_0CB@PDBIFEP@?$GAdynamic?5atexit?5destructor?5for?5?8@ 000000018000ec58     libvcruntime:undname.obj
 0002:00000c80       ??_C@_0CD@CGAJBKEJ@?$GAvector?5copy?5constructor?5iterato@ 000000018000ec80     libvcruntime:undname.obj
 0002:00000ca8       ??_C@_0CJ@GJELGAMM@?$GAvector?5vbase?5copy?5constructor?5i@ 000000018000eca8     libvcruntime:undname.obj
 0002:00000cd8       ??_C@_0CL@FGIJHLCE@?$GAmanaged?5vector?5copy?5constructor@ 000000018000ecd8     libvcruntime:undname.obj
 0002:00000d08       ??_C@_0BM@PMGGMLDN@?$GAlocal?5static?5thread?5guard?8?$AA@ 000000018000ed08     libvcruntime:undname.obj
 0002:00000d28       ??_C@_0N@BDNMDMOL@operator?5?$CC?$CC?5?$AA@ 000000018000ed28     libvcruntime:undname.obj
 0002:00000d38       ??_C@_0BC@DAFEJGAK@?5Type?5Descriptor?8?$AA@ 000000018000ed38     libvcruntime:undname.obj
 0002:00000d50       ??_C@_0BM@LDKODKLH@?5Base?5Class?5Descriptor?5at?5?$CI?$AA@ 000000018000ed50     libvcruntime:undname.obj
 0002:00000d70       ??_C@_0BD@LGICGFMM@?5Base?5Class?5Array?8?$AA@ 000000018000ed70     libvcruntime:undname.obj
 0002:00000d88       ??_C@_0BN@MECKDCOJ@?5Class?5Hierarchy?5Descriptor?8?$AA@ 000000018000ed88     libvcruntime:undname.obj
 0002:00000da8       ??_C@_0BK@CFCOFLF@?5Complete?5Object?5Locator?8?$AA@ 000000018000eda8     libvcruntime:undname.obj
 0002:00000dd0       __acrt_exception_action_table 000000018000edd0     libucrt:exception_filter.obj
 0002:00000e90       __acrt_signal_action_table_count 000000018000ee90     libucrt:exception_filter.obj
 0002:00000e98       __acrt_signal_action_first_fpe_index 000000018000ee98     libucrt:exception_filter.obj
 0002:00000ea0       __acrt_signal_action_fpe_count 000000018000eea0     libucrt:exception_filter.obj
 0002:00000ea8       ??_C@_1BI@BGOHAHKC@?$AAm?$AAs?$AAc?$AAo?$AAr?$AAe?$AAe?$AA?4?$AAd?$AAl?$AAl?$AA?$AA@ 000000018000eea8     libucrt:exit.obj
 0002:00000ec0       ??_C@_0P@MIGLKIOC@CorExitProcess?$AA@ 000000018000eec0     libucrt:exit.obj
 0002:00001130       __lc_time_c                000000018000f130     libucrt:nlsdata.obj
 0002:000013f0       ??_C@_03KOEHGMDN@Sun?$AA@  000000018000f3f0     libucrt:nlsdata.obj
 0002:000013f4       ??_C@_03PDAGKDH@Mon?$AA@   000000018000f3f4     libucrt:nlsdata.obj
 0002:000013f8       ??_C@_03NAGEINEP@Tue?$AA@  000000018000f3f8     libucrt:nlsdata.obj
 0002:000013fc       ??_C@_03MHOMLAJA@Wed?$AA@  000000018000f3fc     libucrt:nlsdata.obj
 0002:00001400       ??_C@_03IOFIKPDN@Thu?$AA@  000000018000f400     libucrt:nlsdata.obj
 0002:00001404       ??_C@_03IDIOELNC@Fri?$AA@  000000018000f404     libucrt:nlsdata.obj
 0002:00001408       ??_C@_03FEFJNEK@Sat?$AA@   000000018000f408     libucrt:nlsdata.obj
 0002:0000140c       ??_C@_06OOPIFAJ@Sunday?$AA@ 000000018000f40c     libucrt:nlsdata.obj
 0002:00001414       ??_C@_06JLEDEDGH@Monday?$AA@ 000000018000f414     libucrt:nlsdata.obj
 0002:00001420       ??_C@_07BAAGCFCM@Tuesday?$AA@ 000000018000f420     libucrt:nlsdata.obj
 0002:00001428       ??_C@_09DLIGFAKA@Wednesday?$AA@ 000000018000f428     libucrt:nlsdata.obj
 0002:00001438       ??_C@_08HACCIKIA@Thursday?$AA@ 000000018000f438     libucrt:nlsdata.obj
 0002:00001444       ??_C@_06JECMNKMI@Friday?$AA@ 000000018000f444     libucrt:nlsdata.obj
 0002:00001450       ??_C@_08INBOOONO@Saturday?$AA@ 000000018000f450     libucrt:nlsdata.obj
 0002:0000145c       ??_C@_03JIHJHPIE@Jan?$AA@  000000018000f45c     libucrt:nlsdata.obj
 0002:00001460       ??_C@_03HJBDCHOM@Feb?$AA@  000000018000f460     libucrt:nlsdata.obj
 0002:00001464       ??_C@_03ODNJBKGA@Mar?$AA@  000000018000f464     libucrt:nlsdata.obj
 0002:00001468       ??_C@_03LEOLGMJP@Apr?$AA@  000000018000f468     libucrt:nlsdata.obj
 0002:0000146c       ??_C@_03CNMDKL@May?$AA@    000000018000f46c     libucrt:nlsdata.obj
 0002:00001470       ??_C@_03IDFGHECI@Jun?$AA@  000000018000f470     libucrt:nlsdata.obj
 0002:00001474       ??_C@_03LBGABGKK@Jul?$AA@  000000018000f474     libucrt:nlsdata.obj
 0002:00001478       ??_C@_03IFJFEIGA@Aug?$AA@  000000018000f478     libucrt:nlsdata.obj
 0002:0000147c       ??_C@_03GGCAPAJC@Sep?$AA@  000000018000f47c     libucrt:nlsdata.obj
 0002:00001480       ??_C@_03BMAOKBAD@Oct?$AA@  000000018000f480     libucrt:nlsdata.obj
 0002:00001484       ??_C@_03JPJOFNIA@Nov?$AA@  000000018000f484     libucrt:nlsdata.obj
 0002:00001488       ??_C@_03MKABNOCG@Dec?$AA@  000000018000f488     libucrt:nlsdata.obj
 0002:00001490       ??_C@_07CGJPFGJA@January?$AA@ 000000018000f490     libucrt:nlsdata.obj
 0002:00001498       ??_C@_08GNJGEPFN@February?$AA@ 000000018000f498     libucrt:nlsdata.obj
 0002:000014a4       ??_C@_05HPCKOFNC@March?$AA@ 000000018000f4a4     libucrt:nlsdata.obj
 0002:000014ac       ??_C@_05DMJDNLEJ@April?$AA@ 000000018000f4ac     libucrt:nlsdata.obj
 0002:000014b4       ??_C@_04CNLMGBGM@June?$AA@ 000000018000f4b4     libucrt:nlsdata.obj
 0002:000014bc       ??_C@_04MIEPOIFP@July?$AA@ 000000018000f4bc     libucrt:nlsdata.obj
 0002:000014c4       ??_C@_06LBBHFDDG@August?$AA@ 000000018000f4c4     libucrt:nlsdata.obj
 0002:000014d0       ??_C@_09BHHEALKD@September?$AA@ 000000018000f4d0     libucrt:nlsdata.obj
 0002:000014e0       ??_C@_07JJNFCEND@October?$AA@ 000000018000f4e0     libucrt:nlsdata.obj
 0002:000014e8       ??_C@_08HCHEGEOA@November?$AA@ 000000018000f4e8     libucrt:nlsdata.obj
 0002:000014f8       ??_C@_08EDHMEBNP@December?$AA@ 000000018000f4f8     libucrt:nlsdata.obj
 0002:00001504       ??_C@_02DEDBPAFC@AM?$AA@   000000018000f504     libucrt:nlsdata.obj
 0002:00001508       ??_C@_02CJNFDJBF@PM?$AA@   000000018000f508     libucrt:nlsdata.obj
 0002:00001510       ??_C@_08BPBNCDIB@MM?1dd?1yy?$AA@ 000000018000f510     libucrt:nlsdata.obj
 0002:00001520       ??_C@_0BE@CKGJFCPC@dddd?0?5MMMM?5dd?0?5yyyy?$AA@ 000000018000f520     libucrt:nlsdata.obj
 0002:00001538       ??_C@_08JCCMCCIL@HH?3mm?3ss?$AA@ 000000018000f538     libucrt:nlsdata.obj
 0002:00001548       ??_C@_17MBGCMIPB@?$AAS?$AAu?$AAn?$AA?$AA@ 000000018000f548     libucrt:nlsdata.obj
 0002:00001550       ??_C@_17KBOMKBF@?$AAM?$AAo?$AAn?$AA?$AA@ 000000018000f550     libucrt:nlsdata.obj
 0002:00001558       ??_C@_17BMKGEGOJ@?$AAT?$AAu?$AAe?$AA?$AA@ 000000018000f558     libucrt:nlsdata.obj
 0002:00001560       ??_C@_17CJEDCEPE@?$AAW?$AAe?$AAd?$AA?$AA@ 000000018000f560     libucrt:nlsdata.obj
 0002:00001568       ??_C@_17PDPHAADD@?$AAT?$AAh?$AAu?$AA?$AA@ 000000018000f568     libucrt:nlsdata.obj
 0002:00001570       ??_C@_17HFOLPPLP@?$AAF?$AAr?$AAi?$AA?$AA@ 000000018000f570     libucrt:nlsdata.obj
 0002:00001578       ??_C@_17GGIBDPIH@?$AAS?$AAa?$AAt?$AA?$AA@ 000000018000f578     libucrt:nlsdata.obj
 0002:00001580       ??_C@_1O@IHNHDHPB@?$AAS?$AAu?$AAn?$AAd?$AAa?$AAy?$AA?$AA@ 000000018000f580     libucrt:nlsdata.obj
 0002:00001590       ??_C@_1O@MMNBFLIA@?$AAM?$AAo?$AAn?$AAd?$AAa?$AAy?$AA?$AA@ 000000018000f590     libucrt:nlsdata.obj
 0002:000015a0       ??_C@_1BA@ENFBFFEK@?$AAT?$AAu?$AAe?$AAs?$AAd?$AAa?$AAy?$AA?$AA@ 000000018000f5a0     libucrt:nlsdata.obj
 0002:000015b0       ??_C@_1BE@EBOGMDOH@?$AAW?$AAe?$AAd?$AAn?$AAe?$AAs?$AAd?$AAa?$AAy?$AA?$AA@ 000000018000f5b0     libucrt:nlsdata.obj
 0002:000015c8       ??_C@_1BC@HHMNLIHE@?$AAT?$AAh?$AAu?$AAr?$AAs?$AAd?$AAa?$AAy?$AA?$AA@ 000000018000f5c8     libucrt:nlsdata.obj
 0002:000015e0       ??_C@_1O@PDICJHAG@?$AAF?$AAr?$AAi?$AAd?$AAa?$AAy?$AA?$AA@ 000000018000f5e0     libucrt:nlsdata.obj
 0002:000015f0       ??_C@_1BC@ENMNNPAJ@?$AAS?$AAa?$AAt?$AAu?$AAr?$AAd?$AAa?$AAy?$AA?$AA@ 000000018000f5f0     libucrt:nlsdata.obj
 0002:00001608       ??_C@_17DKNBKCHM@?$AAJ?$AAa?$AAn?$AA?$AA@ 000000018000f608     libucrt:nlsdata.obj
 0002:00001610       ??_C@_17LMDJEKJN@?$AAF?$AAe?$AAb?$AA?$AA@ 000000018000f610     libucrt:nlsdata.obj
 0002:00001618       ??_C@_17CKNLEDEC@?$AAM?$AAa?$AAr?$AA?$AA@ 000000018000f618     libucrt:nlsdata.obj
 0002:00001620       ??_C@_17LFPOIHDD@?$AAA?$AAp?$AAr?$AA?$AA@ 000000018000f620     libucrt:nlsdata.obj
 0002:00001628       ??_C@_17PNNKMEED@?$AAM?$AAa?$AAy?$AA?$AA@ 000000018000f628     libucrt:nlsdata.obj
 0002:00001630       ??_C@_17KCJGOCPB@?$AAJ?$AAu?$AAn?$AA?$AA@ 000000018000f630     libucrt:nlsdata.obj
 0002:00001638       ??_C@_17IJPCKHK@?$AAJ?$AAu?$AAl?$AA?$AA@ 000000018000f638     libucrt:nlsdata.obj
 0002:00001640       ??_C@_17ICPELBCN@?$AAA?$AAu?$AAg?$AA?$AA@ 000000018000f640     libucrt:nlsdata.obj
 0002:00001648       ??_C@_17HCHCOKMG@?$AAS?$AAe?$AAp?$AA?$AA@ 000000018000f648     libucrt:nlsdata.obj
 0002:00001650       ??_C@_17FNLKOI@?$AAO?$AAc?$AAt?$AA?$AA@ 000000018000f650     libucrt:nlsdata.obj
 0002:00001658       ??_C@_17BBDMLCIG@?$AAN?$AAo?$AAv?$AA?$AA@ 000000018000f658     libucrt:nlsdata.obj
 0002:00001660       ??_C@_17EGKACKIF@?$AAD?$AAe?$AAc?$AA?$AA@ 000000018000f660     libucrt:nlsdata.obj
 0002:00001668       ??_C@_1BA@EFMEIEBA@?$AAJ?$AAa?$AAn?$AAu?$AAa?$AAr?$AAy?$AA?$AA@ 000000018000f668     libucrt:nlsdata.obj
 0002:00001678       ??_C@_1BC@JGDDFFAM@?$AAF?$AAe?$AAb?$AAr?$AAu?$AAa?$AAr?$AAy?$AA?$AA@ 000000018000f678     libucrt:nlsdata.obj
 0002:00001690       ??_C@_1M@IKEENEDF@?$AAM?$AAa?$AAr?$AAc?$AAh?$AA?$AA@ 000000018000f690     libucrt:nlsdata.obj
 0002:000016a0       ??_C@_1M@GJNLMHFD@?$AAA?$AAp?$AAr?$AAi?$AAl?$AA?$AA@ 000000018000f6a0     libucrt:nlsdata.obj
 0002:000016b0       ??_C@_19EPFLPGAP@?$AAJ?$AAu?$AAn?$AAe?$AA?$AA@ 000000018000f6b0     libucrt:nlsdata.obj
 0002:000016c0       ??_C@_19BIFMLPCD@?$AAJ?$AAu?$AAl?$AAy?$AA?$AA@ 000000018000f6c0     libucrt:nlsdata.obj
 0002:000016d0       ??_C@_1O@PAHLKOAC@?$AAA?$AAu?$AAg?$AAu?$AAs?$AAt?$AA?$AA@ 000000018000f6d0     libucrt:nlsdata.obj
 0002:000016e0       ??_C@_1BE@DKAAMBJL@?$AAS?$AAe?$AAp?$AAt?$AAe?$AAm?$AAb?$AAe?$AAr?$AA?$AA@ 000000018000f6e0     libucrt:nlsdata.obj
 0002:000016f8       ??_C@_1BA@EPANDLNG@?$AAO?$AAc?$AAt?$AAo?$AAb?$AAe?$AAr?$AA?$AA@ 000000018000f6f8     libucrt:nlsdata.obj
 0002:00001708       ??_C@_1BC@BGLIFPF@?$AAN?$AAo?$AAv?$AAe?$AAm?$AAb?$AAe?$AAr?$AA?$AA@ 000000018000f708     libucrt:nlsdata.obj
 0002:00001720       ??_C@_1BC@FEMKIFH@?$AAD?$AAe?$AAc?$AAe?$AAm?$AAb?$AAe?$AAr?$AA?$AA@ 000000018000f720     libucrt:nlsdata.obj
 0002:00001734       ??_C@_15ODEHAHHF@?$AAA?$AAM?$AA?$AA@ 000000018000f734     libucrt:nlsdata.obj
 0002:0000173c       ??_C@_15CLMNNGEL@?$AAP?$AAM?$AA?$AA@ 000000018000f73c     libucrt:nlsdata.obj
 0002:00001748       ??_C@_1BC@IEBCMHCM@?$AAM?$AAM?$AA?1?$AAd?$AAd?$AA?1?$AAy?$AAy?$AA?$AA@ 000000018000f748     libucrt:nlsdata.obj
 0002:00001760       ??_C@_1CI@KNAKOEBC@?$AAd?$AAd?$AAd?$AAd?$AA?0?$AA?5?$AAM?$AAM?$AAM?$AAM?$AA?5?$AAd?$AAd?$AA?0?$AA?5?$AAy?$AAy?$AAy?$AAy?$AA?$AA@ 000000018000f760     libucrt:nlsdata.obj
 0002:00001788       ??_C@_1BC@GDGBMEMK@?$AAH?$AAH?$AA?3?$AAm?$AAm?$AA?3?$AAs?$AAs?$AA?$AA@ 000000018000f788     libucrt:nlsdata.obj
 0002:000017a0       ??_C@_1M@BMHNFIME@?$AAe?$AAn?$AA?9?$AAU?$AAS?$AA?$AA@ 000000018000f7a0     libucrt:nlsdata.obj
 0002:00001850       ??_C@_1EG@CNNIPFIM@?$AAa?$AAp?$AAi?$AA?9?$AAm?$AAs?$AA?9?$AAw?$AAi?$AAn?$AA?9?$AAa?$AAp?$AAp?$AAm?$AAo?$AAd?$AAe?$AAl?$AA?9?$AAr?$AAu?$AAn?$AAt?$AAi?$AAm?$AAe?$AA?9?$AAl?$AA1?$AA?9?$AA1@ 000000018000f850     libucrt:winapi_thunks.obj
 0002:000018a0       ??_C@_1EA@JGEFHKEI@?$AAa?$AAp?$AAi?$AA?9?$AAm?$AAs?$AA?9?$AAw?$AAi?$AAn?$AA?9?$AAc?$AAo?$AAr?$AAe?$AA?9?$AAd?$AAa?$AAt?$AAe?$AAt?$AAi?$AAm?$AAe?$AA?9?$AAl?$AA1?$AA?9?$AA1?$AA?9?$AA1?$AA?$AA@ 000000018000f8a0     libucrt:winapi_thunks.obj
 0002:000018e0       ??_C@_1DI@GCIAAENM@?$AAa?$AAp?$AAi?$AA?9?$AAm?$AAs?$AA?9?$AAw?$AAi?$AAn?$AA?9?$AAc?$AAo?$AAr?$AAe?$AA?9?$AAf?$AAi?$AAl?$AAe?$AA?9?$AAl?$AA2?$AA?9?$AA1?$AA?9?$AA1?$AA?$AA@ 000000018000f8e0     libucrt:winapi_thunks.obj
 0002:00001920       ??_C@_1EI@MPIAOHOC@?$AAa?$AAp?$AAi?$AA?9?$AAm?$AAs?$AA?9?$AAw?$AAi?$AAn?$AA?9?$AAc?$AAo?$AAr?$AAe?$AA?9?$AAl?$AAo?$AAc?$AAa?$AAl?$AAi?$AAz?$AAa?$AAt?$AAi?$AAo?$AAn?$AA?9?$AAl?$AA1?$AA?9@ 000000018000f920     libucrt:winapi_thunks.obj
 0002:00001970       ??_C@_1FK@FPHCKFIE@?$AAa?$AAp?$AAi?$AA?9?$AAm?$AAs?$AA?9?$AAw?$AAi?$AAn?$AA?9?$AAc?$AAo?$AAr?$AAe?$AA?9?$AAl?$AAo?$AAc?$AAa?$AAl?$AAi?$AAz?$AAa?$AAt?$AAi?$AAo?$AAn?$AA?9?$AAo?$AAb?$AAs@ 000000018000f970     libucrt:winapi_thunks.obj
 0002:000019d0       ??_C@_1EM@DILCGIIO@?$AAa?$AAp?$AAi?$AA?9?$AAm?$AAs?$AA?9?$AAw?$AAi?$AAn?$AA?9?$AAc?$AAo?$AAr?$AAe?$AA?9?$AAp?$AAr?$AAo?$AAc?$AAe?$AAs?$AAs?$AAt?$AAh?$AAr?$AAe?$AAa?$AAd?$AAs?$AA?9?$AAl@ 000000018000f9d0     libucrt:winapi_thunks.obj
 0002:00001a20       ??_C@_1DM@LNCGDDPN@?$AAa?$AAp?$AAi?$AA?9?$AAm?$AAs?$AA?9?$AAw?$AAi?$AAn?$AA?9?$AAc?$AAo?$AAr?$AAe?$AA?9?$AAs?$AAt?$AAr?$AAi?$AAn?$AAg?$AA?9?$AAl?$AA1?$AA?9?$AA1?$AA?9?$AA0?$AA?$AA@ 000000018000fa20     libucrt:winapi_thunks.obj
 0002:00001a60       ??_C@_1DO@FPAPJEMD@?$AAa?$AAp?$AAi?$AA?9?$AAm?$AAs?$AA?9?$AAw?$AAi?$AAn?$AA?9?$AAc?$AAo?$AAr?$AAe?$AA?9?$AAs?$AAy?$AAs?$AAi?$AAn?$AAf?$AAo?$AA?9?$AAl?$AA1?$AA?9?$AA2?$AA?9?$AA1?$AA?$AA@ 000000018000fa60     libucrt:winapi_thunks.obj
 0002:00001aa0       ??_C@_1DK@NDHNAHIO@?$AAa?$AAp?$AAi?$AA?9?$AAm?$AAs?$AA?9?$AAw?$AAi?$AAn?$AA?9?$AAc?$AAo?$AAr?$AAe?$AA?9?$AAw?$AAi?$AAn?$AAr?$AAt?$AA?9?$AAl?$AA1?$AA?9?$AA1?$AA?9?$AA0?$AA?$AA@ 000000018000faa0     libucrt:winapi_thunks.obj
 0002:00001ae0       ??_C@_1DM@KGHDGBCM@?$AAa?$AAp?$AAi?$AA?9?$AAm?$AAs?$AA?9?$AAw?$AAi?$AAn?$AA?9?$AAc?$AAo?$AAr?$AAe?$AA?9?$AAx?$AAs?$AAt?$AAa?$AAt?$AAe?$AA?9?$AAl?$AA2?$AA?9?$AA1?$AA?9?$AA0?$AA?$AA@ 000000018000fae0     libucrt:winapi_thunks.obj
 0002:00001b20       ??_C@_1EO@IJIOEFOH@?$AAa?$AAp?$AAi?$AA?9?$AAm?$AAs?$AA?9?$AAw?$AAi?$AAn?$AA?9?$AAr?$AAt?$AAc?$AAo?$AAr?$AAe?$AA?9?$AAn?$AAt?$AAu?$AAs?$AAe?$AAr?$AA?9?$AAw?$AAi?$AAn?$AAd?$AAo?$AAw?$AA?9@ 000000018000fb20     libucrt:winapi_thunks.obj
 0002:00001b70       ??_C@_1FG@HHGEKANL@?$AAa?$AAp?$AAi?$AA?9?$AAm?$AAs?$AA?9?$AAw?$AAi?$AAn?$AA?9?$AAs?$AAe?$AAc?$AAu?$AAr?$AAi?$AAt?$AAy?$AA?9?$AAs?$AAy?$AAs?$AAt?$AAe?$AAm?$AAf?$AAu?$AAn?$AAc?$AAt?$AAi@ 000000018000fb70     libucrt:winapi_thunks.obj
 0002:00001bd0       ??_C@_1FG@NCKKOLKO@?$AAe?$AAx?$AAt?$AA?9?$AAm?$AAs?$AA?9?$AAw?$AAi?$AAn?$AA?9?$AAk?$AAe?$AAr?$AAn?$AAe?$AAl?$AA3?$AA2?$AA?9?$AAp?$AAa?$AAc?$AAk?$AAa?$AAg?$AAe?$AA?9?$AAc?$AAu?$AAr?$AAr@ 000000018000fbd0     libucrt:winapi_thunks.obj
 0002:00001c30       ??_C@_1EG@DBIOJECG@?$AAe?$AAx?$AAt?$AA?9?$AAm?$AAs?$AA?9?$AAw?$AAi?$AAn?$AA?9?$AAn?$AAt?$AAu?$AAs?$AAe?$AAr?$AA?9?$AAd?$AAi?$AAa?$AAl?$AAo?$AAg?$AAb?$AAo?$AAx?$AA?9?$AAl?$AA1?$AA?9?$AA1@ 000000018000fc30     libucrt:winapi_thunks.obj
 0002:00001c80       ??_C@_1EO@FIHMJCLF@?$AAe?$AAx?$AAt?$AA?9?$AAm?$AAs?$AA?9?$AAw?$AAi?$AAn?$AA?9?$AAn?$AAt?$AAu?$AAs?$AAe?$AAr?$AA?9?$AAw?$AAi?$AAn?$AAd?$AAo?$AAw?$AAs?$AAt?$AAa?$AAt?$AAi?$AAo?$AAn?$AA?9@ 000000018000fc80     libucrt:winapi_thunks.obj
 0002:00001cd0       ??_C@_1O@BCCLBEOE@?$AAu?$AAs?$AAe?$AAr?$AA3?$AA2?$AA?$AA@ 000000018000fcd0     libucrt:winapi_thunks.obj
 0002:00001d08       ??_C@_0BE@JOGNEJCI@GetCurrentPackageId?$AA@ 000000018000fd08     libucrt:winapi_thunks.obj
 0002:00001d30       ??_C@_0O@KKBNKAPF@LCMapStringEx?$AA@ 000000018000fd30     libucrt:winapi_thunks.obj
 0002:00001d48       ??_C@_0BB@HBDEELFH@LocaleNameToLCID?$AA@ 000000018000fd48     libucrt:winapi_thunks.obj
 0002:00001d80       ??_C@_1M@HPNHIDJI@?$AAj?$AAa?$AA?9?$AAJ?$AAP?$AA?$AA@ 000000018000fd80     libucrt:mbctype.obj
 0002:00001d90       ??_C@_1M@BIBDDEMK@?$AAz?$AAh?$AA?9?$AAC?$AAN?$AA?$AA@ 000000018000fd90     libucrt:mbctype.obj
 0002:00001da0       ??_C@_1M@JLOOOEGK@?$AAk?$AAo?$AA?9?$AAK?$AAR?$AA?$AA@ 000000018000fda0     libucrt:mbctype.obj
 0002:00001db0       ??_C@_1M@CLNBBOPM@?$AAz?$AAh?$AA?9?$AAT?$AAW?$AA?$AA@ 000000018000fdb0     libucrt:mbctype.obj
 0002:00001dc0       __newctype                 000000018000fdc0     libucrt:ctype.obj
 0002:000020c0       __newclmap                 00000001800100c0     libucrt:ctype.obj
 0002:00002240       __newcumap                 0000000180010240     libucrt:ctype.obj
 0002:000023c0       ??_C@_15PJPFLCCM@?$AAu?$AAk?$AA?$AA@ 00000001800103c0     libucrt:get_qualified_locale.obj
 0002:00003210       ??_C@_15EMKDOKLE@?$AAa?$AAr?$AA?$AA@ 0000000180011210     libucrt:lcidtoname_downlevel.obj
 0002:00003218       ??_C@_15KNPADPLH@?$AAb?$AAg?$AA?$AA@ 0000000180011218     libucrt:lcidtoname_downlevel.obj
 0002:00003220       ??_C@_15EDMHLDMO@?$AAc?$AAa?$AA?$AA@ 0000000180011220     libucrt:lcidtoname_downlevel.obj
 0002:00003228       ??_C@_1O@BPEAJADD@?$AAz?$AAh?$AA?9?$AAC?$AAH?$AAS?$AA?$AA@ 0000000180011228     libucrt:lcidtoname_downlevel.obj
 0002:00003238       ??_C@_15LJNHCMNK@?$AAc?$AAs?$AA?$AA@ 0000000180011238     libucrt:lcidtoname_downlevel.obj
 0002:00003240       ??_C@_15FOMCIDHG@?$AAd?$AAa?$AA?$AA@ 0000000180011240     libucrt:lcidtoname_downlevel.obj
 0002:00003248       ??_C@_15NBKABECB@?$AAd?$AAe?$AA?$AA@ 0000000180011248     libucrt:lcidtoname_downlevel.obj
 0002:00003250       ??_C@_15GHPEIIAO@?$AAe?$AAl?$AA?$AA@ 0000000180011250     libucrt:lcidtoname_downlevel.obj
 0002:00003258       ??_C@_15MNPNEAIF@?$AAe?$AAn?$AA?$AA@ 0000000180011258     libucrt:lcidtoname_downlevel.obj
 0002:00003260       ??_C@_15GPIOMPMH@?$AAe?$AAs?$AA?$AA@ 0000000180011260     libucrt:lcidtoname_downlevel.obj
 0002:00003268       ??_C@_15NGLOAKJC@?$AAf?$AAi?$AA?$AA@ 0000000180011268     libucrt:lcidtoname_downlevel.obj
 0002:00003270       ??_C@_15FBKGNKAM@?$AAf?$AAr?$AA?$AA@ 0000000180011270     libucrt:lcidtoname_downlevel.obj
 0002:00003278       ??_C@_15KGGCNEFK@?$AAh?$AAe?$AA?$AA@ 0000000180011278     libucrt:lcidtoname_downlevel.obj
 0002:00003280       ??_C@_15PGHLIDMF@?$AAh?$AAu?$AA?$AA@ 0000000180011280     libucrt:lcidtoname_downlevel.obj
 0002:00003288       ??_C@_15BIEMAPLM@?$AAi?$AAs?$AA?$AA@ 0000000180011288     libucrt:lcidtoname_downlevel.obj
 0002:00003290       ??_C@_15IFJLDHAF@?$AAi?$AAt?$AA?$AA@ 0000000180011290     libucrt:lcidtoname_downlevel.obj
 0002:00003298       ??_C@_15GEMIOCAG@?$AAj?$AAa?$AA?$AA@ 0000000180011298     libucrt:lcidtoname_downlevel.obj
 0002:000032a0       ??_C@_15EPELEGJA@?$AAk?$AAo?$AA?$AA@ 00000001800112a0     libucrt:lcidtoname_downlevel.obj
 0002:000032a8       ??_C@_15NDDHIMN@?$AAn?$AAl?$AA?$AA@ 00000001800112a8     libucrt:lcidtoname_downlevel.obj
 0002:000032b0       ??_C@_15BPIGNHCD@?$AAn?$AAo?$AA?$AA@ 00000001800112b0     libucrt:lcidtoname_downlevel.obj
 0002:000032b8       ??_C@_15DEOPBLCG@?$AAp?$AAl?$AA?$AA@ 00000001800112b8     libucrt:lcidtoname_downlevel.obj
 0002:000032c0       ??_C@_15KBECGEFG@?$AAp?$AAt?$AA?$AA@ 00000001800112c0     libucrt:lcidtoname_downlevel.obj
 0002:000032c8       ??_C@_15GLJCBFMD@?$AAr?$AAo?$AA?$AA@ 00000001800112c8     libucrt:lcidtoname_downlevel.obj
 0002:000032d0       ??_C@_15FEDGKCDI@?$AAr?$AAu?$AA?$AA@ 00000001800112d0     libucrt:lcidtoname_downlevel.obj
 0002:000032d8       ??_C@_15GLKMLLHM@?$AAh?$AAr?$AA?$AA@ 00000001800112d8     libucrt:lcidtoname_downlevel.obj
 0002:000032e0       ??_C@_15CPKMFBDB@?$AAs?$AAk?$AA?$AA@ 00000001800112e0     libucrt:lcidtoname_downlevel.obj
 0002:000032e8       ??_C@_15BAAIOGMK@?$AAs?$AAq?$AA?$AA@ 00000001800112e8     libucrt:lcidtoname_downlevel.obj
 0002:000032f0       ??_C@_15INNPNOHD@?$AAs?$AAv?$AA?$AA@ 00000001800112f0     libucrt:lcidtoname_downlevel.obj
 0002:000032f8       ??_C@_15CABMMOGH@?$AAt?$AAh?$AA?$AA@ 00000001800112f8     libucrt:lcidtoname_downlevel.obj
 0002:00003300       ??_C@_15BPLIHJJM@?$AAt?$AAr?$AA?$AA@ 0000000180011300     libucrt:lcidtoname_downlevel.obj
 0002:00003308       ??_C@_15NEOEKKDJ@?$AAu?$AAr?$AA?$AA@ 0000000180011308     libucrt:lcidtoname_downlevel.obj
 0002:00003310       ??_C@_15NFICGAJK@?$AAi?$AAd?$AA?$AA@ 0000000180011310     libucrt:lcidtoname_downlevel.obj
 0002:00003318       ??_C@_15HPJPHDM@?$AAb?$AAe?$AA?$AA@ 0000000180011318     libucrt:lcidtoname_downlevel.obj
 0002:00003320       ??_C@_15LCHLGJII@?$AAs?$AAl?$AA?$AA@ 0000000180011320     libucrt:lcidtoname_downlevel.obj
 0002:00003328       ??_C@_15PCFJPHHO@?$AAe?$AAt?$AA?$AA@ 0000000180011328     libucrt:lcidtoname_downlevel.obj
 0002:00003330       ??_C@_15HPFPGODN@?$AAl?$AAv?$AA?$AA@ 0000000180011330     libucrt:lcidtoname_downlevel.obj
 0002:00003338       ??_C@_15NFFGKGLG@?$AAl?$AAt?$AA?$AA@ 0000000180011338     libucrt:lcidtoname_downlevel.obj
 0002:00003340       ??_C@_15BDAKCCHN@?$AAf?$AAa?$AA?$AA@ 0000000180011340     libucrt:lcidtoname_downlevel.obj
 0002:00003348       ??_C@_15NFGIAIAJ@?$AAv?$AAi?$AA?$AA@ 0000000180011348     libucrt:lcidtoname_downlevel.obj
 0002:00003350       ??_C@_15LMKNDMHN@?$AAh?$AAy?$AA?$AA@ 0000000180011350     libucrt:lcidtoname_downlevel.obj
 0002:00003358       ??_C@_15IJBHMCFL@?$AAa?$AAz?$AA?$AA@ 0000000180011358     libucrt:lcidtoname_downlevel.obj
 0002:00003360       ??_C@_15EKOFJABL@?$AAe?$AAu?$AA?$AA@ 0000000180011360     libucrt:lcidtoname_downlevel.obj
 0002:00003368       ??_C@_15BGHADCNK@?$AAm?$AAk?$AA?$AA@ 0000000180011368     libucrt:lcidtoname_downlevel.obj
 0002:00003370       ??_C@_15JDNICKHM@?$AAa?$AAf?$AA?$AA@ 0000000180011370     libucrt:lcidtoname_downlevel.obj
 0002:00003378       ??_C@_15KPJEDBKD@?$AAk?$AAa?$AA?$AA@ 0000000180011378     libucrt:lcidtoname_downlevel.obj
 0002:00003380       ??_C@_15PDNFFFEO@?$AAf?$AAo?$AA?$AA@ 0000000180011380     libucrt:lcidtoname_downlevel.obj
 0002:00003388       ??_C@_15OMLEGLOC@?$AAh?$AAi?$AA?$AA@ 0000000180011388     libucrt:lcidtoname_downlevel.obj
 0002:00003390       ??_C@_15IDNNENKK@?$AAm?$AAs?$AA?$AA@ 0000000180011390     libucrt:lcidtoname_downlevel.obj
 0002:00003398       ??_C@_15MACJNBMH@?$AAk?$AAk?$AA?$AA@ 0000000180011398     libucrt:lcidtoname_downlevel.obj
 0002:000033a0       ??_C@_15DKDJEOND@?$AAk?$AAy?$AA?$AA@ 00000001800113a0     libucrt:lcidtoname_downlevel.obj
 0002:000033a8       ??_C@_15DFGDLJBG@?$AAs?$AAw?$AA?$AA@ 00000001800113a8     libucrt:lcidtoname_downlevel.obj
 0002:000033b0       ??_C@_15BBFAICNG@?$AAu?$AAz?$AA?$AA@ 00000001800113b0     libucrt:lcidtoname_downlevel.obj
 0002:000033b8       ??_C@_15DKNDCGEA@?$AAt?$AAt?$AA?$AA@ 00000001800113b8     libucrt:lcidtoname_downlevel.obj
 0002:000033c0       ??_C@_15MGIFMDPL@?$AAp?$AAa?$AA?$AA@ 00000001800113c0     libucrt:lcidtoname_downlevel.obj
 0002:000033c8       ??_C@_15HCNDBBA@?$AAg?$AAu?$AA?$AA@ 00000001800113c8     libucrt:lcidtoname_downlevel.obj
 0002:000033d0       ??_C@_15FNBEIBON@?$AAt?$AAa?$AA?$AA@ 00000001800113d0     libucrt:lcidtoname_downlevel.obj
 0002:000033d8       ??_C@_15NCHGBGLK@?$AAt?$AAe?$AA?$AA@ 00000001800113d8     libucrt:lcidtoname_downlevel.obj
 0002:000033e0       ??_C@_15PHPHCBPF@?$AAk?$AAn?$AA?$AA@ 00000001800113e0     libucrt:lcidtoname_downlevel.obj
 0002:000033e8       ??_C@_15DLGBCKMP@?$AAm?$AAr?$AA?$AA@ 00000001800113e8     libucrt:lcidtoname_downlevel.obj
 0002:000033f0       ??_C@_15EABBLBFF@?$AAs?$AAa?$AA?$AA@ 00000001800113f0     libucrt:lcidtoname_downlevel.obj
 0002:000033f8       ??_C@_15CBKOMCOI@?$AAm?$AAn?$AA?$AA@ 00000001800113f8     libucrt:lcidtoname_downlevel.obj
 0002:00003400       ??_C@_15CKDMCJAF@?$AAg?$AAl?$AA?$AA@ 0000000180011400     libucrt:lcidtoname_downlevel.obj
 0002:00003408       ??_C@_17CNJFBPG@?$AAk?$AAo?$AAk?$AA?$AA@ 0000000180011408     libucrt:lcidtoname_downlevel.obj
 0002:00003410       ??_C@_17FFBJICPL@?$AAs?$AAy?$AAr?$AA?$AA@ 0000000180011410     libucrt:lcidtoname_downlevel.obj
 0002:00003418       ??_C@_17KPNDCPAF@?$AAd?$AAi?$AAv?$AA?$AA@ 0000000180011418     libucrt:lcidtoname_downlevel.obj
 0002:00003420       ??_C@_11LOCGONAA@?$AA?$AA@ 0000000180011420     libucrt:lcidtoname_downlevel.obj
 0002:00003428       ??_C@_1M@OKAHONE@?$AAa?$AAr?$AA?9?$AAS?$AAA?$AA?$AA@ 0000000180011428     libucrt:lcidtoname_downlevel.obj
 0002:00003438       ??_C@_1M@FFFIGIGK@?$AAb?$AAg?$AA?9?$AAB?$AAG?$AA?$AA@ 0000000180011438     libucrt:lcidtoname_downlevel.obj
 0002:00003448       ??_C@_1M@BJNKEDC@?$AAc?$AAa?$AA?9?$AAE?$AAS?$AA?$AA@ 0000000180011448     libucrt:lcidtoname_downlevel.obj
 0002:00003458       ??_C@_1M@IJJHFJHA@?$AAc?$AAs?$AA?9?$AAC?$AAZ?$AA?$AA@ 0000000180011458     libucrt:lcidtoname_downlevel.obj
 0002:00003468       ??_C@_1M@CLPEOBGI@?$AAd?$AAa?$AA?9?$AAD?$AAK?$AA?$AA@ 0000000180011468     libucrt:lcidtoname_downlevel.obj
 0002:00003478       ??_C@_1M@MCMADGCB@?$AAd?$AAe?$AA?9?$AAD?$AAE?$AA?$AA@ 0000000180011478     libucrt:lcidtoname_downlevel.obj
 0002:00003488       ??_C@_1M@OOCKEMAM@?$AAe?$AAl?$AA?9?$AAG?$AAR?$AA?$AA@ 0000000180011488     libucrt:lcidtoname_downlevel.obj
 0002:00003498       ??_C@_1M@DDNJFGID@?$AAf?$AAi?$AA?9?$AAF?$AAI?$AA?$AA@ 0000000180011498     libucrt:lcidtoname_downlevel.obj
 0002:000034a8       ??_C@_1M@GLIPPMAC@?$AAf?$AAr?$AA?9?$AAF?$AAR?$AA?$AA@ 00000001800114a8     libucrt:lcidtoname_downlevel.obj
 0002:000034b8       ??_C@_1M@GFMCHPE@?$AAh?$AAe?$AA?9?$AAI?$AAL?$AA?$AA@ 00000001800114b8     libucrt:lcidtoname_downlevel.obj
 0002:000034c8       ??_C@_1M@MHLPGNKM@?$AAh?$AAu?$AA?9?$AAH?$AAU?$AA?$AA@ 00000001800114c8     libucrt:lcidtoname_downlevel.obj
 0002:000034d8       ??_C@_1M@LPDDNNPN@?$AAi?$AAs?$AA?9?$AAI?$AAS?$AA?$AA@ 00000001800114d8     libucrt:lcidtoname_downlevel.obj
 0002:000034e8       ??_C@_1M@MADIPODN@?$AAi?$AAt?$AA?9?$AAI?$AAT?$AA?$AA@ 00000001800114e8     libucrt:lcidtoname_downlevel.obj
 0002:000034f8       ??_C@_1M@IHBJJGG@?$AAn?$AAl?$AA?9?$AAN?$AAL?$AA?$AA@ 00000001800114f8     libucrt:lcidtoname_downlevel.obj
 0002:00003508       ??_C@_1M@EANAGDL@?$AAn?$AAb?$AA?9?$AAN?$AAO?$AA?$AA@ 0000000180011508     libucrt:lcidtoname_downlevel.obj
 0002:00003518       ??_C@_1M@NEIEMEGP@?$AAp?$AAl?$AA?9?$AAP?$AAL?$AA?$AA@ 0000000180011518     libucrt:lcidtoname_downlevel.obj
 0002:00003528       ??_C@_1M@BOCFIGEP@?$AAp?$AAt?$AA?9?$AAB?$AAR?$AA?$AA@ 0000000180011528     libucrt:lcidtoname_downlevel.obj
 0002:00003538       ??_C@_1M@IMPFOPBG@?$AAr?$AAo?$AA?9?$AAR?$AAO?$AA?$AA@ 0000000180011538     libucrt:lcidtoname_downlevel.obj
 0002:00003548       ??_C@_1M@IDNNEJMM@?$AAr?$AAu?$AA?9?$AAR?$AAU?$AA?$AA@ 0000000180011548     libucrt:lcidtoname_downlevel.obj
 0002:00003558       ??_C@_1M@LILEEOGM@?$AAh?$AAr?$AA?9?$AAH?$AAR?$AA?$AA@ 0000000180011558     libucrt:lcidtoname_downlevel.obj
 0002:00003568       ??_C@_1M@FKIFEHPB@?$AAs?$AAk?$AA?9?$AAS?$AAK?$AA?$AA@ 0000000180011568     libucrt:lcidtoname_downlevel.obj
 0002:00003578       ??_C@_1M@LJMAMNPJ@?$AAs?$AAq?$AA?9?$AAA?$AAL?$AA?$AA@ 0000000180011578     libucrt:lcidtoname_downlevel.obj
[...]
 0004:000006cc       $pdata$??R<lambda_ad1ced32f4ac17aa236e5ef05d6b3b7c>@@QEBAXXZ 000000018001b6cc     libucrt:mbctype.obj
 0004:000006d8       $pdata$?getSystemCP@@YAHH@Z 000000018001b6d8     libucrt:mbctype.obj
 0004:000006e4       $pdata$?setSBCS@@YAXPEAU__crt_multibyte_data@@@Z 000000018001b6e4     libucrt:mbctype.obj
 0004:000006f0       $pdata$?setSBUpLow@@YAXPEAU__crt_multibyte_data@@@Z 000000018001b6f0     libucrt:mbctype.obj
 0004:000006fc       $pdata$?setmbcp_internal@@YAHH_N@Z 000000018001b6fc     libucrt:mbctype.obj
 0004:00000708       $pdata$__acrt_initialize_multibyte 000000018001b708     libucrt:mbctype.obj
 0004:00000714       $pdata$__acrt_update_thread_multibyte_data 000000018001b714     libucrt:mbctype.obj
 0004:00000720       $pdata$_setmbcp_nolock     000000018001b720     libucrt:mbctype.obj
 0004:0000072c       $pdata$?x_ismbbtype_l@@YAHPEAU__crt_locale_pointers@@IHH@Z 000000018001b72c     libucrt:ismbbyte.obj
 0004:00000738       $pdata$__acrt_initialize_command_line 000000018001b738     libucrt:argv_data.obj
 0004:00000744       $pdata$__dcrt_get_narrow_environment_from_os 000000018001b744     libucrt:get_environment_from_os.obj
 0004:00000750       $pdata$_recalloc_base      000000018001b750     libucrt:recalloc.obj
 0004:0000075c       $pdata$__acrt_initialize_heap 000000018001b75c     libucrt:heap_handle.obj
 0004:00000768       $pdata$?initialize_inherited_file_handles_nolock@@YAXXZ 000000018001b768     libucrt:ioinit.obj
 0004:00000774       $pdata$?initialize_stdio_handles_nolock@@YAXXZ 000000018001b774     libucrt:ioinit.obj
 0004:00000780       $pdata$__acrt_initialize_lowio 000000018001b780     libucrt:ioinit.obj
 0004:0000078c       $pdata$__acrt_uninitialize_lowio 000000018001b78c     libucrt:ioinit.obj
 0004:00000798       $pdata$__acrt_execute_initializers 000000018001b798     libucrt:shared_initialization.obj
 0004:000007a4       $pdata$__acrt_execute_uninitializers 000000018001b7a4     libucrt:shared_initialization.obj
 0004:000007b0       $pdata$_callnewh           000000018001b7b0     libucrt:new_handler.obj
 0004:000007bc       $pdata$_query_new_handler  000000018001b7bc     libucrt:new_handler.obj
 0004:000007c8       $pdata$??$?RV<lambda_c36588078e9f5dfd39652860aa6b3aaf>@@AEAV<lambda_ec61778202f4f5fc7e7711acc23c3bca>@@V<lambda_dc9d2797ccde5d239b4a0efae8ebd7db>@@@?$__crt_seh_guarded_call@P6AXH@Z@@QEAAP6AXH@Z$$QEAV<lambda_c36588078e9f5dfd39652860aa6b3aaf>@@AEAV<lambda_ec61778202f4f5fc7e7711acc23c3bca>@@$$QEAV<lambda_dc9d2797ccde5d239b4a0efae8ebd7db>@@@Z 000000018001b7c8     libucrt:signal.obj
 0004:000007d4       $pdata$__acrt_get_sigabrt_handler 000000018001b7d4     libucrt:signal.obj
 0004:000007e0       $pdata$raise               000000018001b7e0     libucrt:signal.obj
 0004:000007ec       $pdata$__acrt_invoke_user_matherr 000000018001b7ec     libucrt:matherr.obj
 0004:000007f8       $pdata$_mbtowc_l           000000018001b7f8     libucrt:mbtowc.obj
 0004:00000804       $pdata$_fileno             000000018001b804     libucrt:fileno.obj
 0004:00000810       $pdata$__acrt_initialize_stdio 000000018001b810     libucrt:_file.obj
 0004:0000081c       $pdata$__acrt_uninitialize_stdio 000000018001b81c     libucrt:_file.obj
 0004:00000828       $pdata$__pctype_func       000000018001b828     libucrt:ctype.obj
 0004:00000834       $pdata$_isctype_l          000000018001b834     libucrt:isctype.obj
 0004:00000840       $pdata$_isleadbyte_l       000000018001b840     libucrt:_wctype.obj
 0004:0000084c       $pdata$?__acrt_LCMapStringA_stat@@YAHPEAU__crt_locale_pointers@@PEB_WKPEBDHPEADHHH@Z 000000018001b84c     libucrt:lcmapstringa.obj
 0004:00000858       $pdata$__acrt_LCMapStringA 000000018001b858     libucrt:lcmapstringa.obj
 0004:00000864       $pdata$__acrt_free_locale  000000018001b864     libucrt:locale_refcounting.obj
 0004:00000870       $pdata$__acrt_locale_free_lc_time_if_unreferenced 000000018001b870     libucrt:locale_refcounting.obj
 0004:0000087c       $pdata$__acrt_release_locale_ref 000000018001b87c     libucrt:locale_refcounting.obj
 0004:00000888       $pdata$__acrt_update_thread_locale_data 000000018001b888     libucrt:locale_refcounting.obj
 0004:00000894       $pdata$_updatetlocinfoEx_nolock 000000018001b894     libucrt:locale_refcounting.obj
 0004:000008a0       $pdata$__acrt_locale_free_monetary 000000018001b8a0     libucrt:initmon.obj
 0004:000008ac       $pdata$__acrt_locale_free_numeric 000000018001b8ac     libucrt:initnum.obj
 0004:000008b8       $pdata$?free_crt_array_internal@@YAXQEAPEBX_K@Z 000000018001b8b8     libucrt:inittime.obj
 0004:000008c4       $pdata$__acrt_locale_free_time 000000018001b8c4     libucrt:inittime.obj
 0004:000008d0       $pdata$__acrt_GetStringTypeA 000000018001b8d0     libucrt:getstringtypea.obj
 0004:000008dc       $pdata$?GetTableIndexFromLocaleName@@YAHPEB_W@Z 000000018001b8dc     libucrt:lcidtoname_downlevel.obj
 0004:000008e8       $pdata$__acrt_DownlevelLocaleNameToLCID 000000018001b8e8     libucrt:lcidtoname_downlevel.obj
 0004:000008f4       $pdata$?shortsort@@YAXPEAD0_KP6AHPEBX2@Z@Z 000000018001b8f4     libucrt:qsort.obj
 0004:00000900       $pdata$2$?shortsort@@YAXPEAD0_KP6AHPEBX2@Z@Z 000000018001b900     libucrt:qsort.obj
 0004:0000090c       $pdata$3$?shortsort@@YAXPEAD0_KP6AHPEBX2@Z@Z 000000018001b90c     libucrt:qsort.obj
 0004:00000918       $pdata$qsort               000000018001b918     libucrt:qsort.obj
 0004:00000924       $pdata$4$qsort             000000018001b924     libucrt:qsort.obj
 0004:00000930       $pdata$5$qsort             000000018001b930     libucrt:qsort.obj
 0004:0000093c       $pdata$strncpy_s           000000018001b93c     libucrt:strncpy_s.obj
 0004:00000948       $pdata$strpbrk             000000018001b948     libucrt:strpbrk.obj
 0004:00000954       $pdata$_mbsdec_l           000000018001b954     libucrt:mbsdec.obj
 0004:00000960       $pdata$?initialize_multibyte@@YAHXZ 000000018001b960     libucrt:multibyte_initializer.obj
 0004:0000096c       $pdata$_msize              000000018001b96c     libucrt:msize.obj
 0004:00000978       $pdata$_realloc_base       000000018001b978     libucrt:realloc_base.obj
 0004:00000984       $pdata$__acrt_lowio_create_handle_array 000000018001b984     libucrt:osfinfo.obj
 0004:00000990       $pdata$__acrt_lowio_destroy_handle_array 000000018001b990     libucrt:osfinfo.obj
 0004:0000099c       $pdata$__acrt_lowio_ensure_fh_exists 000000018001b99c     libucrt:osfinfo.obj
 0004:000009a8       $pdata$_free_osfhnd        000000018001b9a8     libucrt:osfinfo.obj
 0004:000009b4       $pdata$_get_osfhandle      000000018001b9b4     libucrt:osfinfo.obj
 0004:000009c0       $pdata$_isatty             000000018001b9c0     libucrt:isatty.obj
 0004:000009cc       $pdata$__acrt_stdio_flush_nolock 000000018001b9cc     libucrt:fflush.obj
 0004:000009d8       $pdata$_fflush_nolock      000000018001b9d8     libucrt:fflush.obj
 0004:000009e4       $pdata$common_flush_all    000000018001b9e4     libucrt:fflush.obj
 0004:000009f0       $pdata$_fcloseall          000000018001b9f0     libucrt:closeall.obj
 0004:000009fc       $pdata$__acrt_stdio_free_buffer_nolock 000000018001b9fc     libucrt:_freebuf.obj
 0004:00000a08       $pdata$??$?RV<lambda_b521505b218e5242e90febf6bfebc422>@@AEAV<lambda_6978c1fb23f02e42e1d9e99668cc68aa>@@V<lambda_314360699dd331753a4119843814e9a7>@@@?$__crt_seh_guarded_call@H@@QEAAH$$QEAV<lambda_b521505b218e5242e90febf6bfebc422>@@AEAV<lambda_6978c1fb23f02e42e1d9e99668cc68aa>@@$$QEAV<lambda_314360699dd331753a4119843814e9a7>@@@Z 000000018001ba08     libucrt:commit.obj
 0004:00000a14       $pdata$_commit             000000018001ba14     libucrt:commit.obj
 0004:00000a20       $pdata$?write_double_translated_ansi_nolock@@YA?AUwrite_result@?A0x9c548279@@HQEBDI@Z 000000018001ba20     libucrt:write.obj
 0004:00000a2c       $pdata$?write_text_ansi_nolock@@YA?AUwrite_result@?A0x9c548279@@HQEBDI@Z 000000018001ba2c     libucrt:write.obj
 0004:00000a38       $pdata$?write_text_utf16le_nolock@@YA?AUwrite_result@?A0x9c548279@@HQEBDI@Z 000000018001ba38     libucrt:write.obj
 0004:00000a44       $pdata$?write_text_utf8_nolock@@YA?AUwrite_result@?A0x9c548279@@HQEBDI@Z 000000018001ba44     libucrt:write.obj
 0004:00000a50       $pdata$_write              000000018001ba50     libucrt:write.obj
 0004:00000a5c       $pdata$_write_nolock       000000018001ba5c     libucrt:write.obj
 0004:00000a74       $pdata$??$common_lseek_nolock@_J@@YA_JH_JH@Z 000000018001ba74     libucrt:lseek.obj
 0004:00000a80       $pdata$_fclose_nolock      000000018001ba80     libucrt:fclose.obj
 0004:00000a8c       $pdata$fclose              000000018001ba8c     libucrt:fclose.obj
 0004:00000a98       $pdata$_putwch_nolock      000000018001ba98     libucrt:putwch.obj
 0004:00000aa4       $pdata$_call_matherr       000000018001baa4     libucrt:libm_error.obj
 0004:00000ab0       $pdata$_exception_enabled  000000018001bab0     libucrt:libm_error.obj
 0004:00000abc       $pdata$_handle_error       000000018001babc     libucrt:libm_error.obj
 0004:00000ac8       $pdata$__acrt_initialize_fma3 000000018001bac8     libucrt:fma3_available.obj
 0004:00000ad4       $pdata$_log10_special      000000018001bad4     libucrt:log_special.obj
 0004:00000ae0       $pdata$_log_special_common 000000018001bae0     libucrt:log_special.obj
 0004:00000aec       $pdata$??$?RV<lambda_bfedae4ebbf01fab1bb6dcc6a9e276e0>@@AEAV<lambda_2fe9b910cf3cbf4a0ab98a02ba45b3ec>@@V<lambda_237c231691f317818eb88cc1d5d642d6>@@@?$__crt_seh_guarded_call@H@@QEAAH$$QEAV<lambda_bfedae4ebbf01fab1bb6dcc6a9e276e0>@@AEAV<lambda_2fe9b910cf3cbf4a0ab98a02ba45b3ec>@@$$QEAV<lambda_237c231691f317818eb88cc1d5d642d6>@@@Z 000000018001baec     libucrt:close.obj
 0004:00000af8       $pdata$_close              000000018001baf8     libucrt:close.obj
 0004:00000b04       $pdata$_close_nolock       000000018001bb04     libucrt:close.obj
 0004:00000b10       $pdata$__dcrt_lowio_initialize_console_output 000000018001bb10     libucrt:initcon.obj
 0004:00000b1c       $pdata$__dcrt_terminate_console_output 000000018001bb1c     libucrt:initcon.obj
 0004:00000b34       $pdata$_raise_exc          000000018001bb34     libucrt:fpexcept.obj
 0004:00000b40       $pdata$_raise_exc_ex       000000018001bb40     libucrt:fpexcept.obj
 0004:00000b4c       $pdata$_set_errno_from_matherr 000000018001bb4c     libucrt:fpexcept.obj
 0004:00000b58       $pdata$_clrfp              000000018001bb58     libucrt:fpctrl.obj
 0004:00000b64       $pdata$_ctrlfp             000000018001bb64     libucrt:fpctrl.obj
 0004:00000b70       $pdata$_set_statfp         000000018001bb70     libucrt:fpctrl.obj
 0004:00000b7c       $pdata$_statfp             000000018001bb7c     libucrt:fpctrl.obj
 0004:00000b88       $pdata$?DloadAcquireSectionWriteAccess@@YAXXZ 000000018001bb88     DelayImp:delayhlp.obj
 0004:00000b94       $pdata$?DloadGetSRWLockFunctionPointers@@YAEXZ 000000018001bb94     DelayImp:delayhlp.obj
 0004:00000ba0       $pdata$?DloadMakePermanentImageCommit@@YAXPEAX_K@Z 000000018001bba0     DelayImp:delayhlp.obj
 0004:00000bac       $pdata$?DloadObtainSection@@YAPEAXPEAK0@Z 000000018001bbac     DelayImp:delayhlp.obj
 0004:00000bb8       $pdata$?DloadProtectSection@@YAXKPEAK@Z 000000018001bbb8     DelayImp:delayhlp.obj
 0004:00000bc4       $pdata$?DloadReleaseSectionWriteAccess@@YAXXZ 000000018001bbc4     DelayImp:delayhlp.obj
 0004:00000bd0       $pdata$__delayLoadHelper2  000000018001bbd0     DelayImp:delayhlp.obj
 0004:00000bdc       $pdata$_IsNonwritableInCurrentImage 000000018001bbdc     LIBCMT:pesect.obj
 0004:00000be8       $pdata$__GSHandlerCheck    000000018001bbe8     LIBCMT:_gshandler_.obj
 0004:00000bf4       $pdata$__GSHandlerCheckCommon 000000018001bbf4     LIBCMT:_gshandler_.obj
 0004:00000c30       $pdata$?fin$0@?0??dllmain_crt_process_attach@@YAHQEAUHINSTANCE__@@QEAX@Z@4HA 000000018001bc30     LIBCMT:dll_dllmain.obj
 0004:00000c3c       $pdata$?fin$0@?0??dllmain_crt_process_detach@@YAH_N@Z@4HA 000000018001bc3c     LIBCMT:dll_dllmain.obj
 0004:00000c48       $pdata$?filt$0@?0??dllmain_dispatch@@YAHQEAUHINSTANCE__@@KQEAX@Z@4HA 000000018001bc48     LIBCMT:dll_dllmain.obj
 0004:00000c54       $pdata$__scrt_is_nonwritable_in_current_image$filt$0 000000018001bc54     LIBCMT:utility.obj
 0004:00000c60       $pdata$?filt$0@?0??common_exit@@YAXHW4_crt_exit_cleanup_mode@@W4_crt_exit_return_mode@@@Z@4HA 000000018001bc60     libucrt:exit.obj
 0004:00000c6c       $pdata$?fin$1@?0??common_exit@@YAXHW4_crt_exit_cleanup_mode@@W4_crt_exit_return_mode@@@Z@4HA 000000018001bc6c     libucrt:exit.obj
 0004:00000c78       $pdata$?fin$0@?0???$?RV<lambda_e24bbb7b643b32fcea6fa61b31d4c984>@@AEAV<lambda_275893d493268fdec8709772e3fcec0e>@@V<lambda_9d71df4d7cf3f480f8d633942495c3b0>@@@?$__crt_seh_guarded_call@H@@QEAAH$$QEAV<lambda_e24bbb7b643b32fcea6fa61b31d4c984>@@AEAV<lambda_275893d493268fdec8709772e3fcec0e>@@$$QEAV<lambda_9d71df4d7cf3f480f8d633942495c3b0>@@@Z@4HA 000000018001bc78     libucrt:onexit.obj
 0004:00000c84       $pdata$?fin$0@?0???$?RV<lambda_5e887d1dcbef67a5eb4283622ba103bf>@@AEAV<lambda_4466841279450cc726390878d4a41900>@@V<lambda_341c25c0346d94847f1f3c463c57e077>@@@?$__crt_seh_guarded_call@X@@QEAAX$$QEAV<lambda_5e887d1dcbef67a5eb4283622ba103bf>@@AEAV<lambda_4466841279450cc726390878d4a41900>@@$$QEAV<lambda_341c25c0346d94847f1f3c463c57e077>@@@Z@4HA 000000018001bc84     libucrt:per_thread_data.obj
 0004:00000c84       $pdata$?fin$0@?0???$?RV<lambda_99476a1ad63dd22509b5d3e65b0ffc95>@@AEAV<lambda_ad1ced32f4ac17aa236e5ef05d6b3b7c>@@V<lambda_f7424dd8d45958661754dc4f2697e9c3>@@@?$__crt_seh_guarded_call@X@@QEAAX$$QEAV<lambda_99476a1ad63dd22509b5d3e65b0ffc95>@@AEAV<lambda_ad1ced32f4ac17aa236e5ef05d6b3b7c>@@$$QEAV<lambda_f7424dd8d45958661754dc4f2697e9c3>@@@Z@4HA 000000018001bc84     libucrt:mbctype.obj
 0004:00000c84       $pdata$?fin$0@?0???$?RV<lambda_b8c45f8f788dd370798f47cfe8ac3a86>@@AEAV<lambda_4e60a939b0d047cfe11ddc22648dfba9>@@V<lambda_332c3edc96d0294ec56c57d38c1cdfd5>@@@?$__crt_seh_guarded_call@H@@QEAAH$$QEAV<lambda_b8c45f8f788dd370798f47cfe8ac3a86>@@AEAV<lambda_4e60a939b0d047cfe11ddc22648dfba9>@@$$QEAV<lambda_332c3edc96d0294ec56c57d38c1cdfd5>@@@Z@4HA 000000018001bc84     libucrt:onexit.obj
 0004:00000c84       $pdata$?fin$0@?0???$?RV<lambda_fb3a7dec4e47f37f22dae91bb15c9095>@@AEAV<lambda_698284760c8add0bfb0756c19673e34b>@@V<lambda_dfb8eca1e75fef3034a8fb18dd509707>@@@?$__crt_seh_guarded_call@X@@QEAAX$$QEAV<lambda_fb3a7dec4e47f37f22dae91bb15c9095>@@AEAV<lambda_698284760c8add0bfb0756c19673e34b>@@$$QEAV<lambda_dfb8eca1e75fef3034a8fb18dd509707>@@@Z@4HA 000000018001bc84     libucrt:per_thread_data.obj
 0004:00000c84       $pdata$?fin$0@?0???$?RV<lambda_c36588078e9f5dfd39652860aa6b3aaf>@@AEAV<lambda_ec61778202f4f5fc7e7711acc23c3bca>@@V<lambda_dc9d2797ccde5d239b4a0efae8ebd7db>@@@?$__crt_seh_guarded_call@P6AXH@Z@@QEAAP6AXH@Z$$QEAV<lambda_c36588078e9f5dfd39652860aa6b3aaf>@@AEAV<lambda_ec61778202f4f5fc7e7711acc23c3bca>@@$$QEAV<lambda_dc9d2797ccde5d239b4a0efae8ebd7db>@@@Z@4HA 000000018001bc84     libucrt:signal.obj
 0004:00000c84       $pdata$?fin$0@?0???$?RV<lambda_72d1df2b273a38828b1ce30cbf4cdab5>@@AEAV<lambda_876a65b173b8412d3a47c70a915b0cf4>@@V<lambda_41932305e351933ebe8f8be3ed8bb5dc>@@@?$__crt_seh_guarded_call@X@@QEAAX$$QEAV<lambda_72d1df2b273a38828b1ce30cbf4cdab5>@@AEAV<lambda_876a65b173b8412d3a47c70a915b0cf4>@@$$QEAV<lambda_41932305e351933ebe8f8be3ed8bb5dc>@@@Z@4HA 000000018001bc84     libucrt:per_thread_data.obj
 0004:00000c84       $pdata$?fin$0@?0???$?RV<lambda_46352004c1216016012b18bd6f87e700>@@AEAV<lambda_3bd07e1a1191394380780325891bf33f>@@V<lambda_334532d3f185bcaa59b5be82d7d22bff>@@@?$__crt_seh_guarded_call@X@@QEAAX$$QEAV<lambda_46352004c1216016012b18bd6f87e700>@@AEAV<lambda_3bd07e1a1191394380780325891bf33f>@@$$QEAV<lambda_334532d3f185bcaa59b5be82d7d22bff>@@@Z@4HA 000000018001bc84     libucrt:per_thread_data.obj
 0004:00000c90       $pdata$__acrt_update_thread_multibyte_data$fin$0 000000018001bc90     libucrt:mbctype.obj
 0004:00000c9c       $pdata$__acrt_initialize_lowio$fin$0 000000018001bc9c     libucrt:ioinit.obj
 0004:00000c9c       $pdata$__acrt_lowio_ensure_fh_exists$fin$0 000000018001bc9c     libucrt:osfinfo.obj
 0004:00000ca8       $pdata$_query_new_handler$fin$0 000000018001bca8     libucrt:new_handler.obj
 0004:00000cb4       $pdata$raise$fin$0         000000018001bcb4     libucrt:signal.obj
 0004:00000cc0       $pdata$__acrt_uninitialize_locale$fin$0 000000018001bcc0     libucrt:wsetlocale.obj
 0004:00000cc0       $pdata$__acrt_update_thread_locale_data$fin$0 000000018001bcc0     libucrt:locale_refcounting.obj
 0004:00000ccc       $pdata$common_flush_all$fin$0 000000018001bccc     libucrt:fflush.obj
 0004:00000cd8       $pdata$common_flush_all$fin$1 000000018001bcd8     libucrt:fflush.obj
 0004:00000ce4       $pdata$_fcloseall$fin$0    000000018001bce4     libucrt:closeall.obj
 0004:00000cf0       $pdata$_write$fin$0        000000018001bcf0     libucrt:write.obj
 0004:00000cfc       $pdata$fclose$fin$0        000000018001bcfc     libucrt:fclose.obj
 0004:00000d08       $pdata$?fin$0@?0???$?RV<lambda_bfedae4ebbf01fab1bb6dcc6a9e276e0>@@AEAV<lambda_2fe9b910cf3cbf4a0ab98a02ba45b3ec>@@V<lambda_237c231691f317818eb88cc1d5d642d6>@@@?$__crt_seh_guarded_call@H@@QEAAH$$QEAV<lambda_bfedae4ebbf01fab1bb6dcc6a9e276e0>@@AEAV<lambda_2fe9b910cf3cbf4a0ab98a02ba45b3ec>@@$$QEAV<lambda_237c231691f317818eb88cc1d5d642d6>@@@Z@4HA 000000018001bd08     libucrt:close.obj
 0004:00000d08       $pdata$?fin$0@?0???$?RV<lambda_b521505b218e5242e90febf6bfebc422>@@AEAV<lambda_6978c1fb23f02e42e1d9e99668cc68aa>@@V<lambda_314360699dd331753a4119843814e9a7>@@@?$__crt_seh_guarded_call@H@@QEAAH$$QEAV<lambda_b521505b218e5242e90febf6bfebc422>@@AEAV<lambda_6978c1fb23f02e42e1d9e99668cc68aa>@@$$QEAV<lambda_314360699dd331753a4119843814e9a7>@@@Z@4HA 000000018001bd08     libucrt:commit.obj
 0004:00000d14       $pdata$_ctrlfp$filt$0      000000018001bd14     libucrt:fpctrl.obj
 0004:00000d20       $pdata$_IsNonwritableInCurrentImage$filt$0 000000018001bd20     LIBCMT:pesect.obj
 0005:00000000       __guard_fids__             000000018001c000     libucrt:initialization.obj
 0005:00000060       __guard_fids___acrt_initialize_ptd 000000018001c060     libucrt:per_thread_data.obj
 0005:00000064       __guard_fids_??$expand_argument_wildcards@D@@YAHQEAD0AEAV?$argument_list@D@?A0xca0879c4@@@Z 000000018001c064     libucrt:argv_wildcards.obj
 0005:00000068       __guard_fids__             000000018001c068     libucrt:locale_initializer.obj
 0005:0000006c       __guard_fids__             000000018001c06c     libucrt:multibyte_initializer.obj
 0005:00000070       __guard_fids__             000000018001c070     libucrt:stdio_initializer.obj
 0005:00000074       __guard_fids__             000000018001c074     libucrt:stdio_initializer.obj
 0005:00000078       __guard_fids__             000000018001c078     libucrt:fma3_initializer.obj
 0005:0000007c       __guard_fids__             000000018001c07c     libucrt:console_output_initializer.obj
 0005:00000080       __guard_fids_?dllmain_crt_process_attach@@YAHQEAUHINSTANCE__@@QEAX@Z 000000018001c080     LIBCMT:dll_dllmain.obj
 0005:00000088       __guard_fids_?dllmain_dispatch@@YAHQEAUHINSTANCE__@@KQEAX@Z 000000018001c088     LIBCMT:dll_dllmain.obj
 0005:0000008c       __guard_fids__             000000018001c08c     LIBCMT:guard_support.obj
 0005:00000090       __guard_fids___vcrt_initialize_ptd 000000018001c090     libvcruntime:per_thread_data.obj
 0006:00000060       $R000000                   000000018001d060     * linker generated manifest res *

 Exports

  ordinal    name

        1    _register_tree_sitter_freemarker_binding_
        2    tree_sitter_freemarker
